Capital Simulation — Realistic P&L
  Starting capital: $100,000
  Lot size: 1.0 (reduces to 0.5 when >= 5 positions open)
  Max spread: 30 points
  Meta threshold: 0.55
  Q50 threshold: 0.00014
  Fetch window: 210 days

Fetching data from 2025-08-21 to 2026-03-19...
  EURUSD... 212,671 bars (7.6s) | 2025-08-21 to 2026-03-19
  GBPUSD... 211,799 bars (8.5s) | 2025-08-21 to 2026-03-19
  USDJPY... 212,022 bars (9.7s) | 2025-08-21 to 2026-03-19
  USDCHF... 211,721 bars (7.9s) | 2025-08-21 to 2026-03-19
  AUDUSD... 211,300 bars (7.9s) | 2025-08-21 to 2026-03-19
  USDCAD... 213,334 bars (8.4s) | 2025-08-21 to 2026-03-19
  NZDUSD... 213,246 bars (7.3s) | 2025-08-21 to 2026-03-19
  EURJPY... 210,424 bars (7.8s) | 2025-08-21 to 2026-03-19
  GBPJPY... 210,046 bars (7.9s) | 2025-08-21 to 2026-03-19
  EURGBP... 213,068 bars (10.8s) | 2025-08-21 to 2026-03-19
  EURAUD... 213,486 bars (9.2s) | 2025-08-21 to 2026-03-19
  AUDJPY... 213,507 bars (9.0s) | 2025-08-21 to 2026-03-19
  CADJPY... 213,496 bars (12.3s) | 2025-08-21 to 2026-03-19
  CHFJPY... 213,504 bars (9.9s) | 2025-08-21 to 2026-03-19
  AUDNZD... 213,513 bars (9.1s) | 2025-08-21 to 2026-03-19

Computing microstructure features...
  EURUSD... 3,562 hours (102.2s)
  GBPUSD... 3,551 hours (63.8s)
  USDJPY... 3,559 hours (29.2s)
  USDCHF... 3,550 hours (29.4s)
  AUDUSD... 3,532 hours (29.3s)
  USDCAD... 3,563 hours (29.3s)
  NZDUSD... 3,563 hours (29.5s)
  EURJPY... 3,536 hours (29.3s)
  GBPJPY... 3,529 hours (30.1s)
  EURGBP... 3,563 hours (29.4s)
  EURAUD... 3,563 hours (29.4s)
  AUDJPY... 3,563 hours (29.0s)
  CADJPY... 3,563 hours (29.5s)
  CHFJPY... 3,563 hours (29.3s)
  AUDNZD... 3,563 hours (29.1s)
Total feature rows: 53,323

Running model inference...
  Total hours: 53,323
  Tradeable (|Q50|>0.5x): 2,616
  Meta-accepted (P>0.55): 781
Backtest starts: 2025-08-31 (after 10 days warmup)

================================================================================
CAPITAL SIMULATION
================================================================================
Period: 2025-08-31 to 2026-03-19
Duration: 199 days
Signals after cooldown: 695

--- Account Summary ---
Starting capital:   $  100,000.00
Final equity:       $  130,640.66
Total P&L:          $   30,640.66 (+30.64%)
Max drawdown:       $    2,081.52 (1.91%)
Total spread cost:  $    3,579.72
Total slippage:     $    1,045.48
Total exec cost:    $    4,625.20

--- Trade Statistics ---
Total trades:       642
Trades/day:         3.23
Win / Loss:         440 / 202
Win rate:           68.5%
Avg win:            $    124.15
Avg loss:           $   -118.74
Avg P&L/trade:      $     47.73
Profit factor:      2.28
Sharpe (annualized): 8.46

--- Per-Pair Breakdown ---
Pair        Trades      WR    Avg P&L    Total P&L   Spread$     Slip$
------------------------------------------------------------------------
AUDJPY          41  61.0% $    85.33 $   3,498.45 $  665.81 $  191.03 <<<
AUDNZD         135  74.1% $    46.55 $   6,284.35 $  707.60 $  186.01 <<<
AUDUSD          39  71.8% $    91.29 $   3,560.34 $   59.00 $   34.65 <<<
CADJPY          45  71.1% $    43.80 $   1,970.82 $  711.24 $  176.54 <<<
CHFJPY          18  44.4% $   -30.88 $    -555.91 $  101.03 $   21.47
EURAUD          23  65.2% $    70.05 $   1,611.19 $  206.50 $   39.41 <<<
EURGBP          66  86.4% $    78.86 $   5,204.77 $  142.04 $  106.73 <<<
EURJPY          42  61.9% $    46.26 $   1,942.75 $  270.02 $   52.58 <<<
EURUSD          22  68.2% $    11.43 $     251.43 $   21.00 $    8.57 <<<
GBPJPY          34  58.8% $    28.29 $     961.95 $  302.79 $   57.15 <<<
GBPUSD          27  59.3% $    23.20 $     626.38 $   53.00 $   16.62 <<<
NZDUSD          54  72.2% $    45.78 $   2,472.25 $   81.00 $   53.75 <<<
USDCAD          24  50.0% $    12.80 $     307.14 $   59.86 $   16.61 <<<
USDCHF          41  58.5% $    34.19 $   1,401.81 $   95.89 $   67.82 <<<
USDJPY          31  74.2% $    35.58 $   1,102.94 $  102.94 $   16.54 <<<

--- Monthly Breakdown ---
Month       Trades      WR          P&L   Cumulative
-------------------------------------------------------
2025-08          5  80.0% $     505.22 $     505.22 <<<
2025-09        105  65.7% $   5,552.20 $   6,057.42 <<<
2025-10        120  69.2% $   7,421.86 $  13,479.28 <<<
2025-11         97  61.9% $   2,938.99 $  16,418.27 <<<
2025-12         95  72.6% $   4,544.82 $  20,963.09 <<<
2026-01         89  67.4% $   4,131.18 $  25,094.26 <<<
2026-02         79  69.6% $   2,499.08 $  27,593.35 <<<
2026-03         52  76.9% $   3,047.31 $  30,640.66 <<<

--- Weekly Breakdown ---
Week          Trades      WR          P&L
---------------------------------------------
2025-W35           5  80.0% $     505.22 <<<
2025-W36          32  71.9% $   2,687.00 <<<
2025-W37          13  76.9% $     570.31 <<<
2025-W38          26  65.4% $     986.95 <<<
2025-W39          24  58.3% $   1,151.20 <<<
2025-W40          24  62.5% $   2,422.46 <<<
2025-W41          36  63.9% $   1,155.15 <<<
2025-W42          17  82.4% $   1,995.03 <<<
2025-W43          25  84.0% $   2,215.17 <<<
2025-W44          33  60.6% $      86.65 <<<
2025-W45          22  59.1% $     558.05 <<<
2025-W46          16  50.0% $     466.56 <<<
2025-W47          22  68.2% $     796.67 <<<
2025-W48          32  59.4% $     821.86 <<<
2025-W49          25  80.0% $   1,830.39 <<<
2025-W50          15  66.7% $     701.18 <<<
2025-W51          20  75.0% $     508.86 <<<
2025-W52          28  67.9% $   1,013.81 <<<
2026-W01          15  73.3% $   1,332.83 <<<
2026-W02          14  78.6% $   1,381.17 <<<
2026-W03          28  67.9% $   1,967.03 <<<
2026-W04          21  61.9% $    -470.24
2026-W05          25  56.0% $      80.90 <<<
2026-W06          19  84.2% $   1,174.14 <<<
2026-W07          14  64.3% $    -367.45
2026-W08          26  80.8% $   1,947.28 <<<
2026-W09          15  53.3% $     572.77 <<<
2026-W10          13  76.9% $    -260.30
2026-W11          21  76.2% $   2,329.68 <<<
2026-W12          16  75.0% $     480.36 <<<

--- Top 5 Wins ---
  2026-01-29 11:00:00    EURAUD  BUY  1.0 lots  meta=0.73  q50=+0.00070  P&L=$+852.60
  2025-10-05 21:00:00    AUDJPY  BUY  1.0 lots  meta=0.71  q50=+0.00049  P&L=$+720.92
  2025-09-05 20:00:00    AUDJPY  BUY  1.0 lots  meta=0.57  q50=+0.00024  P&L=$+706.98
  2025-09-05 20:00:00    EURJPY  BUY  1.0 lots  meta=0.75  q50=+0.00051  P&L=$+638.43
  2025-12-25 21:00:00    AUDJPY  BUY  1.0 lots  meta=0.79  q50=+0.00145  P&L=$+632.74

--- Top 5 Losses ---
  2025-10-10 13:00:00    AUDJPY  BUY  1.0 lots  meta=0.82  q50=+0.00210  P&L=$-1,228.33
  2026-01-21 22:00:00    EURAUD  BUY  1.0 lots  meta=0.56  q50=+0.00018  P&L=$-659.75
  2026-01-29 11:00:00    EURJPY  BUY  1.0 lots  meta=0.55  q50=+0.00029  P&L=$-611.21
  2025-09-05 20:00:00    CHFJPY  SELL  1.0 lots  meta=0.56  q50=-0.00029  P&L=$-608.09
  2026-02-11 13:00:00    CHFJPY  BUY  1.0 lots  meta=0.64  q50=+0.00081  P&L=$-570.98

--- P&L by Hour of Day ---
  Hour  Trades      WR          P&L
----------------------------------------
     0     7.0  71.4% $       2.23 <<<
     1     4.0  50.0% $    -121.26
     2     7.0  71.4% $     442.98 <<<
     3    11.0  54.5% $     289.08 <<<
     4    13.0  61.5% $     371.95 <<<
     5     7.0  57.1% $      -5.31
     6     5.0  60.0% $     597.80 <<<
     7     3.0   0.0% $    -247.72
     8     4.0  25.0% $     -50.73
     9    10.0  50.0% $    -263.41
    10    13.0  38.5% $    -409.60
    11     7.0  71.4% $     137.49 <<<
    12     9.0  44.4% $     -46.48
    13    14.0  64.3% $  -1,493.38
    14    10.0  90.0% $   1,590.23 <<<
    15     6.0 100.0% $     388.81 <<<
    16     4.0  75.0% $    -104.99
    17    10.0  60.0% $     -19.33
    18     9.0  88.9% $     878.97 <<<
    19     5.0 100.0% $     688.92 <<<
    20    61.0  78.7% $   6,150.18 <<<
    21   210.0  67.6% $  12,354.13 <<<
    22   199.0  71.9% $   9,387.80 <<<
    23    14.0  57.1% $     122.30 <<<

================================================================================
FULL TRADE LOG
================================================================================
   # Entry Time           Exit Time            Pair     Side   Lots      Entry       Exit  Spread$   Slip$        P&L Result       Equity
---------------------------------------------------------------------------------------------------------------------------------------
   1 2025-08-31 21:00     2025-09-01 01:00     AUDNZD   BUY     1.0    1.10835    1.10735 $   8.70 $  2.90 $   -69.34 LOSS   $  99,930.66
   2 2025-08-31 21:00     2025-09-01 01:00     USDJPY   BUY     1.0  146.98100  147.29100 $   4.07 $  0.54 $  +205.85 WIN    $ 100,136.51
   3 2025-08-31 21:00     2025-09-01 01:00     EURJPY   BUY     1.0  171.82935  172.24899 $   8.71 $  1.16 $  +233.76 WIN    $ 100,370.27
   4 2025-08-31 21:00     2025-09-01 01:00     EURUSD   BUY     1.0    1.16869    1.16945 $   1.00 $  0.36 $   +74.65 WIN    $ 100,444.92
   5 2025-08-31 21:00     2025-09-01 01:00     EURGBP   BUY     1.0    0.86499    0.86547 $   2.68 $  1.34 $   +60.30 WIN    $ 100,505.22
   6 2025-09-01 05:00     2025-09-01 09:00     NZDUSD   BUY     1.0    0.58970    0.59099 $   1.00 $  0.50 $  +127.50 WIN    $ 100,632.72
   7 2025-09-01 20:00     2025-09-02 00:00     NZDUSD   BUY     1.0    0.59021    0.59028 $   1.00 $  0.75 $    +5.25 WIN    $ 100,637.97
   8 2025-09-01 21:00     2025-09-02 01:00     AUDUSD   BUY     1.0    0.65521    0.65466 $   2.00 $  1.50 $   -58.50 LOSS   $ 100,579.46
   9 2025-09-01 21:00     2025-09-02 01:00     EURGBP   BUY     1.0    0.86386    0.86460 $   2.68 $  2.01 $   +94.47 WIN    $ 100,673.93
  10 2025-09-01 21:00     2025-09-02 01:00     AUDNZD   BUY     1.0    1.11019    1.11053 $   8.70 $  2.18 $    +8.85 WIN    $ 100,682.78
  11 2025-09-02 02:00     2025-09-02 06:00     AUDNZD   BUY     1.0    1.10940    1.11144 $   2.90 $  0.58 $  +114.83 WIN    $ 100,797.62
  12 2025-09-02 20:00     2025-09-03 00:00     EURGBP   BUY     1.0    0.86860    0.86968 $   1.34 $  0.54 $  +142.84 WIN    $ 100,940.46
  13 2025-09-02 21:00     2025-09-03 01:00     USDCHF   BUY     1.0    0.80347    0.80553 $   2.54 $  1.91 $  +257.17 WIN    $ 101,197.63
  14 2025-09-02 21:00     2025-09-03 01:00     EURUSD   BUY     1.0    1.16379    1.16305 $   1.00 $  0.45 $   -75.44 LOSS   $ 101,122.19
  15 2025-09-02 21:00     2025-09-03 01:00     EURJPY   BUY     1.0  172.58299  173.12700 $   8.66 $  2.17 $  +303.39 WIN    $ 101,425.58
  16 2025-09-02 22:00     2025-09-03 02:00     GBPUSD   BUY     1.0    1.33863    1.33652 $   2.00 $  0.48 $  -213.48 LOSS   $ 101,212.10
  17 2025-09-03 08:00     2025-09-03 12:00     AUDNZD   BUY     1.0    1.11190    1.11468 $   2.90 $  0.58 $  +157.76 WIN    $ 101,369.87
  18 2025-09-03 13:00     2025-09-03 17:00     EURGBP   BUY     1.0    0.86736    0.86752 $   1.34 $  0.67 $   +19.43 WIN    $ 101,389.29
  19 2025-09-03 20:00     2025-09-04 00:00     NZDUSD   BUY     1.0    0.58750    0.58829 $   1.00 $  0.50 $   +77.50 WIN    $ 101,466.79
  20 2025-09-03 21:00     2025-09-04 01:00     EURJPY   BUY     1.0  172.56200  172.55000 $   8.69 $  1.45 $   -17.09 LOSS   $ 101,449.70
  21 2025-09-03 21:00     2025-09-04 01:00     GBPJPY   BUY     1.0  198.97400  198.88600 $  12.07 $  2.83 $   -59.14 LOSS   $ 101,390.56
  22 2025-09-03 21:00     2025-09-04 01:00     EURAUD   BUY     1.0    1.78100    1.78292 $  10.50 $  1.75 $  +122.15 WIN    $ 101,512.71
  23 2025-09-04 03:00     2025-09-04 07:00     NZDUSD   BUY     1.0    0.58690    0.58643 $   1.00 $  0.50 $   -48.50 LOSS   $ 101,464.21
  24 2025-09-04 13:00     2025-09-04 17:00     EURGBP   BUY     1.0    0.86594    0.86699 $   1.34 $  0.67 $  +138.69 WIN    $ 101,602.90
  25 2025-09-04 20:00     2025-09-05 00:00     NZDUSD   BUY     1.0    0.58420    0.58565 $   1.00 $  0.50 $  +143.50 WIN    $ 101,746.40
  26 2025-09-04 21:00     2025-09-05 01:00     CADJPY   BUY     1.0  107.35300  107.28800 $  19.57 $  3.50 $   -83.65 LOSS   $ 101,662.75
  27 2025-09-04 21:00     2025-09-05 01:00     AUDJPY   BUY     1.0   96.67400   96.71900 $  21.71 $  5.82 $   +19.00 WIN    $ 101,681.75
  28 2025-09-04 21:00     2025-09-05 01:00     EURGBP   BUY     1.0    0.86695    0.86754 $   2.68 $  2.01 $   +74.37 WIN    $ 101,756.12
  29 2025-09-04 22:00     2025-09-05 02:00     AUDNZD   BUY     1.0    1.11438    1.11374 $   8.70 $  1.45 $   -47.27 LOSS   $ 101,708.85
  30 2025-09-05 20:00     2025-09-07 21:00     AUDJPY   BUY     1.0   96.54900   97.24500 $   7.20 $  1.54 $  +706.98 WIN    $ 102,415.83
  31 2025-09-05 20:00     2025-09-07 21:00     EURJPY   BUY     1.0  172.62500  173.74001 $   2.88 $  0.46 $  +638.43 WIN    $ 103,054.26
  32 2025-09-05 20:00     2025-09-07 21:00     CHFJPY   SELL    1.0  184.67000  185.78716 $   5.92 $  0.86 $  -608.09 LOSS   $ 102,446.16
  33 2025-09-05 20:00     2025-09-07 21:00     EURGBP   BUY     1.0    0.86671    0.86770 $   1.34 $  0.54 $  +130.78 WIN    $ 102,576.94
  34 2025-09-07 21:00     2025-09-08 01:00     CADJPY   BUY     1.0  106.88200  107.08700 $  19.61 $  5.25 $  +166.56 WIN    $ 102,743.51
  35 2025-09-07 21:00     2025-09-08 01:00     AUDJPY   BUY     1.0   96.92400   97.26900 $  21.59 $  7.71 $  +325.38 WIN    $ 103,068.89
  36 2025-09-07 21:00     2025-09-08 01:00     EURJPY   BUY     1.0  173.43005  173.50900 $   8.65 $  1.15 $   +35.70 WIN    $ 103,104.59
  37 2025-09-07 21:00     2025-09-08 01:00     AUDNZD   BUY     1.0    1.11142    1.11313 $   8.70 $  2.90 $   +87.62 WIN    $ 103,192.22
  38 2025-09-08 21:00     2025-09-09 01:00     USDCHF   BUY     1.0    0.79291    0.79225 $   2.54 $  1.91 $   -88.59 LOSS   $ 103,103.63
  39 2025-09-08 22:00     2025-09-09 02:00     EURJPY   BUY     1.0  173.38200  173.38699 $   8.65 $  1.15 $    -6.93 LOSS   $ 103,096.70
  40 2025-09-10 19:00     2025-09-10 23:00     AUDNZD   BUY     1.0    1.11230    1.11357 $   2.90 $  0.58 $   +70.18 WIN    $ 103,166.88
  41 2025-09-10 21:00     2025-09-11 01:00     GBPUSD   BUY     1.0    1.35218    1.35294 $   2.00 $  0.90 $   +73.10 WIN    $ 103,239.97
  42 2025-09-10 21:00     2025-09-11 01:00     USDJPY   BUY     1.0  147.33900  147.38499 $   4.07 $  0.68 $   +26.45 WIN    $ 103,266.43
  43 2025-09-10 21:00     2025-09-11 01:00     CADJPY   BUY     1.0  106.23700  106.30200 $  19.76 $  5.29 $   +36.10 WIN    $ 103,302.53
  44 2025-09-11 20:00     2025-09-12 00:00     NZDUSD   BUY     1.0    0.59740    0.59761 $   1.00 $  0.50 $   +19.50 WIN    $ 103,322.03
  45 2025-09-12 13:00     2025-09-12 17:00     EURGBP   BUY     1.0    0.86422    0.86519 $   1.34 $  0.54 $  +128.10 WIN    $ 103,450.13
  46 2025-09-12 20:00     2025-09-14 21:00     AUDUSD   BUY     1.0    0.66410    0.66512 $   1.00 $  0.40 $  +100.60 WIN    $ 103,550.73
  47 2025-09-14 21:00     2025-09-15 01:00     AUDNZD   BUY     1.0    1.11458    1.11681 $   8.70 $  2.90 $  +117.74 WIN    $ 103,668.47
  48 2025-09-14 21:00     2025-09-15 01:00     EURUSD   BUY     1.0    1.17285    1.17273 $   1.00 $  0.36 $   -13.36 LOSS   $ 103,655.10
  49 2025-09-14 21:00     2025-09-15 01:00     EURGBP   BUY     1.0    0.86406    0.86488 $   2.68 $  2.01 $  +105.20 WIN    $ 103,760.30
  50 2025-09-14 21:00     2025-09-15 01:00     CADJPY   BUY     1.0  106.56900  106.59800 $  19.70 $  5.28 $    +2.23 WIN    $ 103,762.53
  51 2025-09-15 06:00     2025-09-15 10:00     EURGBP   BUY     1.0    0.86381    0.86372 $   1.34 $  1.01 $   -14.27 LOSS   $ 103,748.26
  52 2025-09-15 13:00     2025-09-15 17:00     AUDNZD   BUY     1.0    1.11600    1.11711 $   2.90 $  0.87 $   +60.61 WIN    $ 103,808.87
  53 2025-09-15 20:00     2025-09-16 00:00     AUDNZD   BUY     1.0    1.11610    1.11814 $   2.90 $  0.58 $  +114.84 WIN    $ 103,923.71
  54 2025-09-15 21:00     2025-09-16 01:00     USDJPY   BUY     1.0  147.31000  147.35001 $   4.07 $  0.68 $   +22.40 WIN    $ 103,946.11
  55 2025-09-15 21:00     2025-09-16 01:00     AUDUSD   BUY     1.0    0.66670    0.66700 $   2.00 $  1.00 $   +27.00 WIN    $ 103,973.11
  56 2025-09-15 21:00     2025-09-16 01:00     GBPUSD   BUY     1.0    1.36000    1.36028 $   2.00 $  0.60 $   +25.40 WIN    $ 103,998.51
  57 2025-09-15 22:00     2025-09-16 02:00     USDCHF   BUY     1.0    0.79440    0.79373 $   2.54 $  1.27 $   -88.89 LOSS   $ 103,909.62
  58 2025-09-16 20:00     2025-09-17 00:00     AUDNZD   BUY     1.0    1.11540    1.11695 $   2.90 $  0.58 $   +86.42 WIN    $ 103,996.04
  59 2025-09-16 21:00     2025-09-17 01:00     CADJPY   BUY     1.0  106.52400  106.55300 $  19.71 $  5.28 $    +2.23 WIN    $ 103,998.27
  60 2025-09-16 21:00     2025-09-17 01:00     EURGBP   BUY     1.0    0.86862    0.86897 $   2.68 $  2.68 $   +41.54 WIN    $ 104,039.81
  61 2025-09-16 22:00     2025-09-17 02:00     NZDUSD   BUY     1.0    0.59860    0.59793 $   2.00 $  1.00 $   -70.00 LOSS   $ 103,969.81
  62 2025-09-17 17:00     2025-09-17 21:00     AUDNZD   BUY     1.0    1.11558    1.11464 $   2.90 $  0.58 $   -58.00 LOSS   $ 103,911.81
  63 2025-09-17 21:00     2025-09-18 01:00     GBPUSD   BUY     1.0    1.36270    1.36173 $   2.00 $  0.90 $   -99.90 LOSS   $ 103,811.91
  64 2025-09-17 21:00     2025-09-18 01:00     AUDJPY   BUY     1.0   97.68400   97.61800 $  21.51 $  5.76 $   -94.89 LOSS   $ 103,717.03
  65 2025-09-17 21:00     2025-09-18 01:00     AUDNZD   BUY     1.0    1.11464    1.12150 $   8.70 $  2.90 $  +386.47 WIN    $ 104,103.49
  66 2025-09-18 12:00     2025-09-18 16:00     AUDNZD   BUY     1.0    1.12528    1.12508 $   2.90 $  0.58 $   -15.15 LOSS   $ 104,088.34
  67 2025-09-18 20:00     2025-09-19 00:00     EURGBP   BUY     1.0    0.86918    0.86990 $   1.34 $  0.54 $   +94.60 WIN    $ 104,182.94
  68 2025-09-18 21:00     2025-09-19 01:00     USDJPY   BUY     1.0  147.93201  148.05901 $   4.05 $  0.68 $   +81.05 WIN    $ 104,263.99
  69 2025-09-18 21:00     2025-09-19 01:00     AUDNZD   BUY     1.0    1.12307    1.12342 $   8.70 $  2.18 $    +9.42 WIN    $ 104,273.42
  70 2025-09-18 21:00     2025-09-19 01:00     EURAUD   BUY     1.0    1.78116    1.78352 $  10.50 $  1.75 $  +152.95 WIN    $ 104,426.36
  71 2025-09-19 17:00     2025-09-21 21:00     AUDNZD   BUY     1.0    1.12500    1.12330 $   2.90 $  0.46 $  -101.97 LOSS   $ 104,324.40
  72 2025-09-19 20:00     2025-09-21 21:00     EURGBP   BUY     1.0    0.87095    0.87127 $   1.34 $  0.67 $   +40.87 WIN    $ 104,365.27
  73 2025-09-19 20:00     2025-09-21 21:00     AUDUSD   BUY     1.0    0.65854    0.65847 $   1.00 $  0.50 $    -8.50 LOSS   $ 104,356.77
  74 2025-09-21 21:00     2025-09-22 01:00     CADJPY   BUY     1.0  107.23800  107.41400 $  19.55 $  3.49 $  +140.81 WIN    $ 104,497.58
  75 2025-09-21 21:00     2025-09-22 01:00     AUDJPY   BUY     1.0   97.39000   97.61500 $  21.51 $  7.68 $  +201.30 WIN    $ 104,698.88
  76 2025-09-21 23:00     2025-09-22 03:00     AUDUSD   BUY     1.0    0.65884    0.65936 $   1.00 $  0.40 $   +50.60 WIN    $ 104,749.48
  77 2025-09-22 00:00     2025-09-22 04:00     AUDNZD   BUY     1.0    1.12460    1.12545 $   2.90 $  0.46 $   +45.93 WIN    $ 104,795.41
  78 2025-09-22 05:00     2025-09-22 09:00     EURGBP   BUY     1.0    0.87090    0.87204 $   1.34 $  0.67 $  +150.34 WIN    $ 104,945.75
  79 2025-09-22 12:00     2025-09-22 16:00     AUDNZD   BUY     1.0    1.12440    1.12427 $   2.90 $  0.58 $   -11.02 LOSS   $ 104,934.73
  80 2025-09-22 20:00     2025-09-23 00:00     AUDNZD   BUY     1.0    1.12360    1.12473 $   2.90 $  0.87 $   +61.77 WIN    $ 104,996.50
  81 2025-09-22 21:00     2025-09-23 01:00     AUDJPY   BUY     1.0   97.41900   97.33500 $  21.57 $  5.78 $  -113.65 LOSS   $ 104,882.85
  82 2025-09-22 21:00     2025-09-23 01:00     USDCHF   BUY     1.0    0.79200    0.79121 $   2.54 $  1.91 $  -104.77 LOSS   $ 104,778.07
  83 2025-09-23 21:00     2025-09-24 01:00     EURGBP   BUY     1.0    0.87313    0.87332 $   2.68 $  2.01 $   +20.76 WIN    $ 104,798.84
  84 2025-09-23 21:00     2025-09-24 01:00     AUDNZD   BUY     1.0    1.12440    1.12812 $   8.70 $  2.90 $  +204.16 WIN    $ 105,002.99
  85 2025-09-24 21:00     2025-09-25 01:00     USDCHF   BUY     1.0    0.79385    0.79491 $   2.54 $  1.91 $  +130.18 WIN    $ 105,133.17
  86 2025-09-24 21:00     2025-09-25 01:00     AUDUSD   BUY     1.0    0.65792    0.65873 $   2.00 $  1.50 $   +77.50 WIN    $ 105,210.66
  87 2025-09-24 21:00     2025-09-25 01:00     CADJPY   BUY     1.0  106.98400  107.08700 $  19.61 $  3.50 $   +73.07 WIN    $ 105,283.73
  88 2025-09-24 22:00     2025-09-25 02:00     AUDNZD   BUY     1.0    1.13217    1.13316 $   8.70 $  2.18 $   +46.72 WIN    $ 105,330.45
  89 2025-09-25 21:00     2025-09-26 01:00     EURJPY   BUY     1.0  174.45300  174.80901 $   8.58 $  2.15 $  +192.93 WIN    $ 105,523.38
  90 2025-09-25 21:00     2025-09-26 01:00     EURAUD   BUY     1.0    1.77824    1.78574 $  10.50 $  3.50 $  +511.00 WIN    $ 106,034.38
  91 2025-09-25 21:00     2025-09-26 01:00     USDCHF   BUY     1.0    0.80010    0.80002 $   2.54 $  1.91 $   -14.61 LOSS   $ 106,019.77
  92 2025-09-25 22:00     2025-09-26 02:00     AUDUSD   BUY     1.0    0.65370    0.65404 $   2.00 $  1.00 $   +31.00 WIN    $ 106,050.77
  93 2025-09-26 02:00     2025-09-26 06:00     AUDNZD   BUY     1.0    1.13320    1.13297 $   2.90 $  0.58 $   -16.82 LOSS   $ 106,033.95
  94 2025-09-26 20:00     2025-09-28 21:00     GBPJPY   BUY     1.0  200.24100  200.24500 $   4.00 $  0.60 $    -2.60 LOSS   $ 106,031.35
  95 2025-09-26 20:00     2025-09-28 21:00     EURGBP   BUY     1.0    0.87237    0.87316 $   1.34 $  0.54 $  +103.98 WIN    $ 106,135.33
  96 2025-09-28 21:00     2025-09-29 01:00     GBPUSD   BUY     1.0    1.33984    1.34263 $   2.00 $  0.48 $  +276.52 WIN    $ 106,411.85
  97 2025-09-28 21:00     2025-09-29 01:00     EURJPY   BUY     1.0  174.97557  174.77699 $   8.58 $  2.15 $  -124.35 LOSS   $ 106,287.50
  98 2025-09-28 21:00     2025-09-29 01:00     AUDJPY   BUY     1.0   97.85400   97.71200 $  21.49 $  7.68 $  -174.49 LOSS   $ 106,113.01
  99 2025-09-28 21:00     2025-09-29 01:00     CADJPY   BUY     1.0  107.20600  107.04900 $  19.62 $  7.01 $  -173.28 LOSS   $ 105,939.73
 100 2025-09-28 21:00     2025-09-29 01:00     USDCAD   BUY     1.0    1.39308    1.39260 $   2.92 $  1.10 $   -39.05 LOSS   $ 105,900.68
 101 2025-09-29 04:00     2025-09-29 08:00     EURGBP   BUY     1.0    0.87237    0.87254 $   1.34 $  1.01 $   +20.03 WIN    $ 105,920.71
 102 2025-09-29 05:00     2025-09-29 09:00     CADJPY   BUY     1.0  106.86100  106.73900 $   6.56 $  1.41 $  -122.26 LOSS   $ 105,798.45
 103 2025-09-29 20:00     2025-09-30 00:00     NZDUSD   BUY     1.0    0.57740    0.57787 $   1.00 $  0.50 $   +45.50 WIN    $ 105,843.95
 104 2025-09-29 20:00     2025-09-30 00:00     GBPUSD   BUY     1.0    1.34260    1.34246 $   1.00 $  0.24 $   -15.24 LOSS   $ 105,828.71
 105 2025-09-29 21:00     2025-09-30 01:00     EURGBP   BUY     1.0    0.87278    0.87266 $   2.68 $  2.68 $   -21.45 LOSS   $ 105,807.27
 106 2025-09-29 21:00     2025-09-30 01:00     CADJPY   BUY     1.0  106.72100  106.84700 $  19.65 $  5.26 $   +93.01 WIN    $ 105,900.28
 107 2025-09-29 21:00     2025-09-30 01:00     USDCHF   BUY     1.0    0.79645    0.79783 $   2.54 $  1.91 $  +170.81 WIN    $ 106,071.09
 108 2025-09-29 21:00     2025-09-30 01:00     USDJPY   BUY     0.5  148.58701  148.74699 $   2.02 $  0.34 $   +51.43 WIN    $ 106,122.51
 109 2025-09-30 13:00     2025-09-30 17:00     CADJPY   BUY     1.0  106.20400  106.17100 $   6.59 $  1.41 $   -39.09 LOSS   $ 106,083.42
 110 2025-09-30 21:00     2025-10-01 01:00     NZDUSD   BUY     1.0    0.57934    0.57912 $   2.00 $  2.00 $   -26.00 LOSS   $ 106,057.42
 111 2025-10-01 03:00     2025-10-01 07:00     AUDNZD   BUY     1.0    1.13790    1.13756 $   2.90 $  0.87 $   -23.49 LOSS   $ 106,033.93
 112 2025-10-01 21:00     2025-10-02 01:00     AUDNZD   BUY     1.0    1.13619    1.13442 $   8.70 $  2.90 $  -114.26 LOSS   $ 105,919.67
 113 2025-10-01 21:00     2025-10-02 01:00     EURGBP   BUY     1.0    0.86935    0.87052 $   2.68 $  2.68 $  +151.42 WIN    $ 106,071.09
 114 2025-10-01 21:00     2025-10-02 01:00     USDJPY   BUY     1.0  147.02699  146.98199 $   4.08 $  0.54 $   -35.24 LOSS   $ 106,035.85
 115 2025-10-01 22:00     2025-10-02 02:00     AUDUSD   BUY     1.0    0.66100    0.66171 $   2.00 $  1.00 $   +68.00 WIN    $ 106,103.85
 116 2025-10-02 21:00     2025-10-03 01:00     AUDJPY   BUY     1.0   97.02400   97.38900 $  21.56 $  7.70 $  +345.52 WIN    $ 106,449.37
 117 2025-10-02 21:00     2025-10-03 01:00     AUDUSD   BUY     1.0    0.65905    0.66025 $   2.00 $  1.50 $  +116.50 WIN    $ 106,565.87
 118 2025-10-03 20:00     2025-10-05 21:00     AUDUSD   BUY     1.0    0.65945    0.65979 $   1.00 $  0.50 $   +32.50 WIN    $ 106,598.37
 119 2025-10-03 20:00     2025-10-05 21:00     EURGBP   BUY     1.0    0.87027    0.87170 $   1.34 $  0.54 $  +189.74 WIN    $ 106,788.11
 120 2025-10-05 21:00     2025-10-06 01:00     AUDJPY   BUY     1.0   98.21400   98.95400 $  21.22 $  5.68 $  +720.92 WIN    $ 107,509.03
 121 2025-10-05 21:00     2025-10-06 01:00     GBPUSD   SELL    1.0    1.34386    1.34496 $   2.00 $  0.48 $  -112.47 LOSS   $ 107,396.55
 122 2025-10-05 21:00     2025-10-06 01:00     USDJPY   BUY     1.0  149.16400  149.77200 $   4.01 $  0.67 $  +401.28 WIN    $ 107,797.83
 123 2025-10-05 21:00     2025-10-06 01:00     CADJPY   BUY     1.0  106.76700  107.35600 $  19.56 $  5.24 $  +523.85 WIN    $ 108,321.68
 124 2025-10-05 21:00     2025-10-06 01:00     USDCAD   BUY     1.0    1.39497    1.39504 $   2.92 $  0.73 $    +1.46 WIN    $ 108,323.14
 125 2025-10-06 17:00     2025-10-06 21:00     AUDNZD   BUY     1.0    1.13210    1.13117 $   2.90 $  0.87 $   -57.71 LOSS   $ 108,265.43
 126 2025-10-06 20:00     2025-10-07 00:00     USDCHF   BUY     1.0    0.79460    0.79496 $   1.27 $  0.51 $   +43.94 WIN    $ 108,309.37
 127 2025-10-06 21:00     2025-10-07 01:00     CADJPY   BUY     1.0  107.70600  107.87200 $  19.47 $  5.21 $  +129.20 WIN    $ 108,438.58
 128 2025-10-07 01:00     2025-10-07 05:00     AUDNZD   BUY     1.0    1.13310    1.13416 $   2.90 $  0.87 $   +57.71 WIN    $ 108,496.29
 129 2025-10-07 10:00     2025-10-07 14:00     GBPJPY   BUY     1.0  202.41400  203.05200 $   3.94 $  0.59 $  +309.67 WIN    $ 108,805.96
 130 2025-10-07 20:00     2025-10-08 00:00     AUDNZD   BUY     1.0    1.13380    1.13413 $   2.90 $  0.58 $   +15.66 WIN    $ 108,821.62
 131 2025-10-07 21:00     2025-10-08 01:00     EURGBP   BUY     1.0    0.86730    0.86780 $   2.68 $  2.01 $   +62.31 WIN    $ 108,883.93
 132 2025-10-07 21:00     2025-10-08 01:00     GBPUSD   BUY     1.0    1.34256    1.33970 $   2.00 $  0.90 $  -288.91 LOSS   $ 108,595.03
 133 2025-10-07 23:00     2025-10-08 03:00     NZDUSD   BUY     1.0    0.57950    0.57487 $   1.00 $  0.50 $  -464.50 LOSS   $ 108,130.52
 134 2025-10-08 03:00     2025-10-08 07:00     EURJPY   BUY     1.0  177.14000  177.42000 $   2.82 $  0.45 $  +154.55 WIN    $ 108,285.07
 135 2025-10-08 10:00     2025-10-08 14:00     CADJPY   BUY     1.0  109.50800  109.33000 $   6.40 $  1.37 $  -170.59 LOSS   $ 108,114.48
 136 2025-10-08 10:00     2025-10-08 14:00     AUDJPY   BUY     1.0  100.42500  100.39500 $   6.97 $  1.49 $   -38.35 LOSS   $ 108,076.13
 137 2025-10-08 10:00     2025-10-08 14:00     GBPJPY   BUY     1.0  204.84300  204.68600 $   3.91 $  0.73 $   -81.34 LOSS   $ 107,994.79
 138 2025-10-08 10:00     2025-10-08 14:00     USDJPY   BUY     1.0  152.72701  152.49899 $   1.97 $  0.49 $  -151.98 LOSS   $ 107,842.81
 139 2025-10-08 10:00     2025-10-08 14:00     EURJPY   BUY     1.0  177.67500  177.22000 $   2.82 $  0.56 $  -260.13 LOSS   $ 107,582.68
 140 2025-10-08 17:00     2025-10-08 21:00     NZDUSD   BUY     1.0    0.57660    0.57800 $   1.00 $  0.75 $  +138.25 WIN    $ 107,720.93
 141 2025-10-08 21:00     2025-10-09 01:00     GBPJPY   BUY     1.0  204.50500  204.51801 $  11.73 $  3.67 $    -9.05 LOSS   $ 107,711.88
 142 2025-10-08 21:00     2025-10-09 01:00     GBPUSD   BUY     1.0    1.33998    1.34093 $   2.00 $  0.60 $   +92.40 WIN    $ 107,804.28
 143 2025-10-08 21:00     2025-10-09 01:00     NZDUSD   BUY     1.0    0.57800    0.57929 $   2.00 $  1.50 $  +125.50 WIN    $ 107,929.78
 144 2025-10-09 05:00     2025-10-09 09:00     NZDUSD   BUY     1.0    0.57948    0.57787 $   1.00 $  0.50 $  -162.50 LOSS   $ 107,767.28
 145 2025-10-09 09:00     2025-10-09 13:00     EURJPY   BUY     1.0  177.35001  177.36200 $   2.82 $  0.56 $    +3.38 WIN    $ 107,770.66
 146 2025-10-09 20:00     2025-10-10 00:00     USDCAD   BUY     1.0    1.40137    1.40170 $   1.46 $  0.29 $   +22.34 WIN    $ 107,793.00
 147 2025-10-09 21:00     2025-10-10 01:00     GBPUSD   BUY     1.0    1.32998    1.33020 $   2.00 $  0.60 $   +19.39 WIN    $ 107,812.39
 148 2025-10-10 00:00     2025-10-10 04:00     AUDNZD   BUY     1.0    1.14020    1.14078 $   2.90 $  0.46 $   +30.27 WIN    $ 107,842.66
 149 2025-10-10 06:00     2025-10-10 10:00     EURJPY   BUY     1.0  176.48000  176.73100 $   2.83 $  0.85 $  +138.35 WIN    $ 107,981.01
 150 2025-10-10 13:00     2025-10-10 17:00     CHFJPY   BUY     1.0  189.41296  189.40211 $   5.81 $  1.06 $   -12.59 LOSS   $ 107,968.42
 151 2025-10-10 13:00     2025-10-10 17:00     AUDJPY   BUY     1.0   99.72900   98.52800 $   7.10 $  2.28 $ -1228.33 LOSS   $ 106,740.09
 152 2025-10-10 20:00     2025-10-12 21:00     AUDNZD   BUY     1.0    1.13020    1.13571 $   2.90 $  1.16 $  +315.52 WIN    $ 107,055.61
 153 2025-10-10 20:00     2025-10-12 21:00     GBPJPY   BUY     1.0  201.75200  202.71300 $   3.95 $  0.74 $  +469.38 WIN    $ 107,524.99
 154 2025-10-10 20:00     2025-10-12 21:00     EURJPY   BUY     1.0  175.67096  176.57001 $   2.83 $  0.57 $  +505.78 WIN    $ 108,030.77
 155 2025-10-12 21:00     2025-10-13 01:00     AUDJPY   BUY     1.0   98.55400   99.17500 $  21.17 $  5.67 $  +599.32 WIN    $ 108,630.09
 156 2025-10-12 21:00     2025-10-13 01:00     EURJPY   BUY     1.0  176.32402  176.53600 $   8.50 $  1.13 $  +110.44 WIN    $ 108,740.54
 157 2025-10-12 21:00     2025-10-13 01:00     GBPJPY   BUY     1.0  202.53511  202.92799 $  11.83 $  2.77 $  +179.01 WIN    $ 108,919.55
 158 2025-10-12 21:00     2025-10-13 01:00     AUDNZD   BUY     1.0    1.13195    1.13688 $   8.70 $  2.90 $  +274.34 WIN    $ 109,193.89
 159 2025-10-12 21:00     2025-10-13 01:00     AUDUSD   BUY     1.0    0.64963    0.65266 $   2.00 $  2.00 $  +299.00 WIN    $ 109,492.89
 160 2025-10-12 21:00     2025-10-13 01:00     USDCAD   BUY     0.5    1.39901    1.39866 $   1.46 $  0.36 $   -14.60 LOSS   $ 109,478.29
 161 2025-10-13 20:00     2025-10-14 00:00     GBPJPY   BUY     1.0  202.99001  203.32700 $   3.93 $  0.59 $  +161.21 WIN    $ 109,639.50
 162 2025-10-14 20:00     2025-10-15 00:00     AUDNZD   BUY     1.0    1.13390    1.13716 $   2.90 $  0.58 $  +185.59 WIN    $ 109,825.09
 163 2025-10-14 21:00     2025-10-15 01:00     USDJPY   BUY     1.0  151.67101  151.29900 $   3.97 $  0.66 $  -250.50 LOSS   $ 109,574.59
 164 2025-10-14 21:00     2025-10-15 01:00     GBPUSD   BUY     1.0    1.33129    1.33396 $   2.00 $  0.60 $  +264.40 WIN    $ 109,839.00
 165 2025-10-14 21:00     2025-10-15 01:00     EURGBP   BUY     1.0    0.87083    0.87098 $   2.68 $  2.01 $   +15.41 WIN    $ 109,854.41
 166 2025-10-14 21:00     2025-10-15 01:00     USDCHF   BUY     1.0    0.79987    0.80042 $   2.54 $  2.54 $   +64.77 WIN    $ 109,919.18
 167 2025-10-15 21:00     2025-10-16 01:00     NZDUSD   BUY     1.0    0.57151    0.57492 $   2.00 $  1.50 $  +337.50 WIN    $ 110,256.67
 168 2025-10-15 21:00     2025-10-16 01:00     USDJPY   BUY     1.0  151.03200  150.59599 $   3.98 $  1.00 $  -294.50 LOSS   $ 109,962.17
 169 2025-10-15 21:00     2025-10-16 01:00     GBPJPY   BUY     1.0  202.20000  202.33701 $  11.86 $  2.78 $   +53.07 WIN    $ 110,015.25
 170 2025-10-15 21:00     2025-10-16 01:00     EURAUD   BUY     1.0    1.78753    1.79650 $  10.50 $  1.75 $  +615.65 WIN    $ 110,630.90
 171 2025-10-16 21:00     2025-10-17 01:00     CADJPY   BUY     1.0  106.92500  106.98800 $  19.63 $  3.51 $   +35.75 WIN    $ 110,666.65
 172 2025-10-16 21:00     2025-10-17 01:00     USDCHF   BUY     1.0    0.79168    0.79131 $   2.54 $  2.54 $   -52.07 LOSS   $ 110,614.58
 173 2025-10-17 20:00     2025-10-19 21:00     EURGBP   BUY     1.0    0.86699    0.86836 $   1.34 $  0.67 $  +181.57 WIN    $ 110,796.15
 174 2025-10-19 21:00     2025-10-20 01:00     EURGBP   BUY     1.0    0.86730    0.86799 $   2.68 $  1.34 $   +88.45 WIN    $ 110,884.60
 175 2025-10-19 21:00     2025-10-20 01:00     GBPUSD   BUY     1.0    1.34209    1.34323 $   2.00 $  0.48 $  +111.52 WIN    $ 110,996.12
 176 2025-10-19 21:00     2025-10-20 01:00     EURUSD   BUY     1.0    1.16558    1.16600 $   1.00 $  0.36 $   +40.64 WIN    $ 111,036.75
 177 2025-10-19 21:00     2025-10-20 01:00     GBPJPY   BUY     1.0  201.86200  202.77499 $  11.84 $  1.85 $  +436.56 WIN    $ 111,473.32
 178 2025-10-20 03:00     2025-10-20 07:00     EURGBP   BUY     1.0    0.86747    0.86862 $   1.34 $  0.67 $  +151.42 WIN    $ 111,624.74
 179 2025-10-20 21:00     2025-10-21 01:00     USDJPY   BUY     1.0  150.63300  150.98199 $   3.97 $  0.53 $  +226.65 WIN    $ 111,851.39
 180 2025-10-20 21:00     2025-10-21 01:00     AUDUSD   BUY     1.0    0.65110    0.65131 $   2.00 $  1.50 $   +17.50 WIN    $ 111,868.89
 181 2025-10-20 21:00     2025-10-21 01:00     EURAUD   BUY     1.0    1.78624    1.78767 $  10.50 $  1.75 $   +87.85 WIN    $ 111,956.75
 182 2025-10-20 21:00     2025-10-21 01:00     NZDUSD   BUY     1.0    0.57346    0.57409 $   2.00 $  2.00 $   +59.00 WIN    $ 112,015.75
 183 2025-10-21 02:00     2025-10-21 06:00     AUDNZD   BUY     1.0    1.13410    1.13488 $   2.90 $  0.87 $   +41.47 WIN    $ 112,057.22
 184 2025-10-21 20:00     2025-10-22 00:00     EURGBP   BUY     1.0    0.86715    0.86784 $   1.34 $  0.54 $   +90.58 WIN    $ 112,147.80
 185 2025-10-21 20:00     2025-10-22 00:00     NZDUSD   BUY     1.0    0.57370    0.57407 $   1.00 $  0.50 $   +35.50 WIN    $ 112,183.30
 186 2025-10-21 20:00     2025-10-22 00:00     AUDNZD   BUY     1.0    1.12910    1.12949 $   2.90 $  0.58 $   +19.14 WIN    $ 112,202.44
 187 2025-10-21 21:00     2025-10-22 01:00     EURJPY   BUY     1.0  176.18800  176.09900 $   8.52 $  2.13 $   -61.19 LOSS   $ 112,141.25
 188 2025-10-21 21:00     2025-10-22 01:00     EURAUD   BUY     1.0    1.78721    1.78815 $  10.50 $  1.75 $   +53.55 WIN    $ 112,194.80
 189 2025-10-22 21:00     2025-10-23 01:00     AUDNZD   BUY     1.0    1.13031    1.13104 $   8.70 $  2.90 $   +30.74 WIN    $ 112,225.53
 190 2025-10-22 21:00     2025-10-23 01:00     EURGBP   BUY     1.0    0.86907    0.86941 $   2.68 $  2.01 $   +40.87 WIN    $ 112,266.40
 191 2025-10-23 20:00     2025-10-24 00:00     AUDNZD   BUY     1.0    1.13120    1.13143 $   2.90 $  0.58 $    +9.86 WIN    $ 112,276.26
 192 2025-10-23 20:00     2025-10-24 00:00     USDCHF   BUY     1.0    0.79500    0.79500 $   1.27 $  0.64 $    -1.91 LOSS   $ 112,274.36
 193 2025-10-23 21:00     2025-10-24 01:00     CADJPY   BUY     1.0  108.99000  109.27100 $  19.22 $  3.43 $  +234.51 WIN    $ 112,508.87
 194 2025-10-23 21:00     2025-10-24 01:00     USDJPY   BUY     1.0  152.52699  152.89301 $   3.92 $  0.65 $  +234.81 WIN    $ 112,743.69
 195 2025-10-23 21:00     2025-10-24 01:00     EURJPY   BUY     1.0  177.16200  177.50500 $   8.45 $  2.11 $  +182.67 WIN    $ 112,926.36
 196 2025-10-24 02:00     2025-10-24 06:00     NZDUSD   BUY     1.0    0.57410    0.57547 $   1.00 $  0.50 $  +135.50 WIN    $ 113,061.85
 197 2025-10-24 13:00     2025-10-24 17:00     AUDNZD   BUY     1.0    1.13109    1.13254 $   2.90 $  0.58 $   +80.63 WIN    $ 113,142.48
 198 2025-10-24 20:00     2025-10-26 21:00     CHFJPY   SELL    1.0  192.13000  192.20300 $   5.72 $  0.83 $   -44.54 LOSS   $ 113,097.95
 199 2025-10-24 20:00     2025-10-26 21:00     AUDJPY   BUY     1.0   99.48300   99.84500 $   7.01 $  1.50 $  +354.05 WIN    $ 113,452.00
 200 2025-10-26 21:00     2025-10-27 01:00     EURGBP   BUY     1.0    0.87212    0.87324 $   2.68 $  1.34 $  +146.06 WIN    $ 113,598.05
 201 2025-10-26 21:00     2025-10-27 01:00     EURAUD   BUY     1.0    1.77794    1.78106 $  10.50 $  1.75 $  +206.15 WIN    $ 113,804.20
 202 2025-10-26 21:00     2025-10-27 01:00     USDCAD   BUY     1.0    1.39986    1.39833 $   2.92 $  1.10 $  -115.71 LOSS   $ 113,688.49
 203 2025-10-27 21:00     2025-10-28 01:00     AUDJPY   BUY     1.0  100.09900   99.92800 $  21.02 $  3.75 $  -195.89 LOSS   $ 113,492.60
 204 2025-10-27 21:00     2025-10-28 01:00     USDCHF   BUY     1.0    0.79485    0.79409 $   2.54 $  1.91 $  -100.97 LOSS   $ 113,391.63
 205 2025-10-27 21:00     2025-10-28 01:00     USDCAD   BUY     1.0    1.39856    1.39878 $   2.92 $  0.58 $   +12.55 WIN    $ 113,404.19
 206 2025-10-27 21:00     2025-10-28 01:00     CADJPY   BUY     1.0  109.13300  108.94300 $  19.28 $  3.44 $  -197.12 LOSS   $ 113,207.06
 207 2025-10-28 13:00     2025-10-28 17:00     AUDUSD   BUY     1.0    0.65515    0.65879 $   1.00 $  0.50 $  +362.50 WIN    $ 113,569.56
 208 2025-10-28 18:00     2025-10-28 22:00     AUDNZD   BUY     1.0    1.13800    1.13867 $   2.90 $  0.58 $   +35.38 WIN    $ 113,604.94
 209 2025-10-28 20:00     2025-10-29 00:00     EURAUD   BUY     1.0    1.76855    1.76633 $   3.50 $  0.56 $  -159.46 LOSS   $ 113,445.48
 210 2025-10-28 20:00     2025-10-29 00:00     AUDJPY   BUY     1.0  100.11400  100.03500 $   7.00 $  1.20 $   -87.16 LOSS   $ 113,358.31
 211 2025-10-28 20:00     2025-10-29 00:00     CHFJPY   BUY     1.0  191.53500  191.20224 $   5.75 $  1.05 $  -180.84 LOSS   $ 113,177.48
 212 2025-10-28 21:00     2025-10-29 01:00     NZDUSD   BUY     1.0    0.57729    0.57755 $   2.00 $  1.50 $   +22.50 WIN    $ 113,199.98
 213 2025-10-28 21:00     2025-10-29 01:00     USDCHF   BUY     0.5    0.79322    0.79335 $   1.27 $  0.64 $    +6.28 WIN    $ 113,206.25
 214 2025-10-28 21:00     2025-10-29 01:00     CADJPY   BUY     0.5  108.90200  108.99400 $   9.63 $  3.44 $   +29.13 WIN    $ 113,235.39
 215 2025-10-28 22:00     2025-10-29 02:00     AUDNZD   BUY     0.5    1.13867    1.14130 $   4.35 $  0.72 $   +71.19 WIN    $ 113,306.58
 216 2025-10-28 23:00     2025-10-29 03:00     USDJPY   BUY     0.5  151.72900  152.05200 $   0.99 $  0.16 $  +105.06 WIN    $ 113,411.64
 217 2025-10-29 08:00     2025-10-29 12:00     AUDNZD   BUY     1.0    1.14110    1.14040 $   2.90 $  0.58 $   -44.08 LOSS   $ 113,367.56
 218 2025-10-29 12:00     2025-10-29 16:00     AUDNZD   BUY     1.0    1.14040    1.14049 $   2.90 $  0.58 $    +1.74 WIN    $ 113,369.30
 219 2025-10-29 17:00     2025-10-29 21:00     CHFJPY   BUY     1.0  190.94736  190.72900 $   5.77 $  0.84 $  -121.09 LOSS   $ 113,248.21
 220 2025-10-29 21:00     2025-10-30 01:00     USDCHF   BUY     1.0    0.79970    0.79900 $   2.54 $  2.54 $   -93.98 LOSS   $ 113,154.23
 221 2025-10-29 21:00     2025-10-30 01:00     USDCAD   BUY     1.0    1.39363    1.39360 $   2.92 $  0.58 $    -5.70 LOSS   $ 113,148.54
 222 2025-10-30 09:00     2025-10-30 13:00     AUDNZD   BUY     1.0    1.13884    1.14018 $   2.90 $  0.87 $   +74.32 WIN    $ 113,222.85
 223 2025-10-30 21:00     2025-10-31 01:00     GBPUSD   BUY     1.0    1.31467    1.31530 $   2.00 $  0.60 $   +60.40 WIN    $ 113,283.26
 224 2025-10-30 21:00     2025-10-31 01:00     GBPJPY   BUY     1.0  202.55499  202.32899 $  11.86 $  2.78 $  -126.34 LOSS   $ 113,156.92
 225 2025-10-30 21:00     2025-10-31 01:00     NZDUSD   BUY     1.0    0.57372    0.57343 $   2.00 $  1.50 $   -32.50 LOSS   $ 113,124.42
 226 2025-10-30 21:00     2025-10-31 01:00     EURGBP   BUY     1.0    0.87872    0.87937 $   2.68 $  2.68 $   +81.74 WIN    $ 113,206.16
 227 2025-10-31 20:00     2025-11-02 22:00     AUDJPY   BUY     1.0  100.67500  100.84100 $   6.94 $  1.49 $  +156.19 WIN    $ 113,362.34
 228 2025-10-31 20:00     2025-11-02 22:00     USDJPY   BUY     1.0  153.96800  154.11000 $   1.95 $  0.26 $   +89.93 WIN    $ 113,452.28
 229 2025-10-31 20:00     2025-11-02 22:00     NZDUSD   BUY     1.0    0.57168    0.57140 $   1.00 $  0.50 $   -29.50 LOSS   $ 113,422.78
 230 2025-10-31 20:00     2025-11-02 22:00     AUDUSD   BUY     1.0    0.65376    0.65434 $   1.00 $  0.50 $   +56.50 WIN    $ 113,479.28
 231 2025-11-02 22:00     2025-11-03 02:00     AUDUSD   BUY     1.0    0.65372    0.65477 $   2.00 $  1.00 $  +102.00 WIN    $ 113,581.28
 232 2025-11-02 22:00     2025-11-03 02:00     AUDJPY   BUY     1.0  100.72100  100.88800 $  20.82 $  5.58 $  +139.14 WIN    $ 113,720.42
 233 2025-11-02 22:00     2025-11-03 02:00     USDJPY   BUY     1.0  154.02499  154.07899 $   3.89 $  0.52 $   +30.63 WIN    $ 113,751.05
 234 2025-11-02 22:00     2025-11-03 02:00     EURGBP   BUY     1.0    0.87746    0.87765 $   2.68 $  1.34 $   +21.44 WIN    $ 113,772.49
 235 2025-11-02 22:00     2025-11-03 02:00     EURUSD   BUY     1.0    1.15309    1.15313 $   1.00 $  0.36 $    +2.65 WIN    $ 113,775.14
 236 2025-11-03 14:00     2025-11-03 18:00     CHFJPY   BUY     1.0  190.52478  190.88603 $   5.76 $  1.05 $  +182.44 WIN    $ 113,957.58
 237 2025-11-03 14:00     2025-11-03 18:00     AUDUSD   BUY     1.0    0.65142    0.65395 $   1.00 $  0.75 $  +251.25 WIN    $ 114,208.83
 238 2025-11-03 14:00     2025-11-03 18:00     AUDNZD   BUY     1.0    1.14482    1.14524 $   2.90 $  0.58 $   +20.88 WIN    $ 114,229.70
 239 2025-11-03 14:00     2025-11-03 18:00     AUDJPY   BUY     1.0  100.32700  100.81200 $   6.94 $  2.23 $  +471.91 WIN    $ 114,701.62
 240 2025-11-03 21:00     2025-11-04 01:00     NZDUSD   BUY     1.0    0.57030    0.56928 $   2.00 $  1.00 $  -105.00 LOSS   $ 114,596.62
 241 2025-11-03 22:00     2025-11-04 02:00     GBPUSD   BUY     1.0    1.31329    1.31230 $   2.00 $  0.60 $  -101.60 LOSS   $ 114,495.02
 242 2025-11-03 22:00     2025-11-04 02:00     GBPJPY   BUY     1.0  202.48900  202.23300 $  11.87 $  2.78 $  -141.23 LOSS   $ 114,353.78
 243 2025-11-04 03:00     2025-11-04 07:00     GBPJPY   BUY     1.0  202.27400  201.51900 $   3.97 $  0.60 $  -379.22 LOSS   $ 113,974.56
 244 2025-11-04 22:00     2025-11-05 02:00     AUDNZD   BUY     1.0    1.14972    1.14750 $   8.70 $  2.90 $  -140.36 LOSS   $ 113,834.21
 245 2025-11-04 22:00     2025-11-05 02:00     CADJPY   BUY     1.0  108.90300  108.62300 $  19.33 $  5.18 $  -282.28 LOSS   $ 113,551.92
 246 2025-11-05 22:00     2025-11-06 02:00     EURJPY   BUY     1.0  177.04201  177.12199 $   8.47 $  1.41 $   +35.28 WIN    $ 113,587.20
 247 2025-11-05 22:00     2025-11-06 02:00     EURGBP   BUY     1.0    0.88056    0.88096 $   2.68 $  1.34 $   +49.58 WIN    $ 113,636.78
 248 2025-11-06 22:00     2025-11-07 02:00     EURUSD   BUY     1.0    1.15430    1.15397 $   1.00 $  0.45 $   -34.45 LOSS   $ 113,602.34
 249 2025-11-06 22:00     2025-11-07 02:00     USDJPY   BUY     1.0  153.04300  153.14101 $   3.92 $  0.65 $   +59.43 WIN    $ 113,661.76
 250 2025-11-06 22:00     2025-11-07 02:00     USDCHF   BUY     1.0    0.80613    0.80690 $   2.54 $  1.91 $   +93.35 WIN    $ 113,755.11
 251 2025-11-06 22:00     2025-11-07 02:00     GBPJPY   BUY     1.0  200.84500  200.94501 $  11.94 $  2.80 $   +35.03 WIN    $ 113,790.14
 252 2025-11-06 22:00     2025-11-07 02:00     EURGBP   BUY     1.0    0.87839    0.87941 $   2.68 $  2.68 $  +131.32 WIN    $ 113,921.46
 253 2025-11-07 13:00     2025-11-07 17:00     AUDNZD   BUY     1.0    1.15300    1.15307 $   2.90 $  0.58 $    +0.58 WIN    $ 113,922.04
 254 2025-11-07 21:00     2025-11-09 22:00     GBPJPY   BUY     1.0  201.82201  202.28999 $  11.86 $  1.48 $  +218.00 WIN    $ 114,140.03
 255 2025-11-07 21:00     2025-11-09 22:00     USDCAD   BUY     1.0    1.40357    1.40298 $   2.92 $  0.58 $   -46.58 LOSS   $ 114,093.45
 256 2025-11-07 21:00     2025-11-09 22:00     GBPUSD   BUY     1.0    1.31554    1.31507 $   2.00 $  0.48 $   -49.47 LOSS   $ 114,043.98
 257 2025-11-09 22:00     2025-11-10 02:00     AUDUSD   BUY     1.0    0.64895    0.65187 $   2.00 $  0.80 $  +289.20 WIN    $ 114,333.19
 258 2025-11-10 07:00     2025-11-10 11:00     EURGBP   BUY     1.0    0.87849    0.87750 $   1.34 $  1.01 $  -134.34 LOSS   $ 114,198.85
 259 2025-11-10 15:00     2025-11-10 19:00     AUDNZD   BUY     1.0    1.15670    1.15809 $   2.90 $  0.58 $   +77.14 WIN    $ 114,275.99
 260 2025-11-10 22:00     2025-11-11 02:00     EURUSD   BUY     1.0    1.15555    1.15531 $   1.00 $  0.45 $   -25.45 LOSS   $ 114,250.54
 261 2025-11-11 15:00     2025-11-11 19:00     AUDNZD   BUY     1.0    1.15270    1.15419 $   2.90 $  0.58 $   +82.94 WIN    $ 114,333.48
 262 2025-11-11 22:00     2025-11-12 02:00     AUDNZD   BUY     1.0    1.15385    1.15354 $   8.70 $  2.90 $   -29.58 LOSS   $ 114,303.90
 263 2025-11-11 22:00     2025-11-12 02:00     EURGBP   BUY     1.0    0.87979    0.88127 $   2.68 $  2.68 $  +192.96 WIN    $ 114,496.86
 264 2025-11-12 22:00     2025-11-13 02:00     EURJPY   BUY     1.0  179.22600  179.23399 $   8.37 $  1.39 $    -5.30 LOSS   $ 114,491.56
 265 2025-11-12 22:00     2025-11-13 02:00     AUDUSD   BUY     1.0    0.65357    0.65623 $   2.00 $  1.00 $  +263.00 WIN    $ 114,754.55
 266 2025-11-12 22:00     2025-11-13 02:00     USDJPY   BUY     1.0  154.69501  154.65401 $   3.88 $  0.52 $   -30.91 LOSS   $ 114,723.65
 267 2025-11-12 22:00     2025-11-13 02:00     EURUSD   BUY     1.0    1.15878    1.15888 $   1.00 $  0.36 $    +8.64 WIN    $ 114,732.29
 268 2025-11-13 22:00     2025-11-14 02:00     GBPUSD   BUY     1.0    1.31643    1.31494 $   2.00 $  0.90 $  -151.90 LOSS   $ 114,580.39
 269 2025-11-13 22:00     2025-11-14 02:00     EURGBP   BUY     1.0    0.88331    0.88485 $   2.68 $  2.68 $  +201.00 WIN    $ 114,781.39
 270 2025-11-14 21:00     2025-11-16 22:00     AUDNZD   BUY     1.0    1.14950    1.15084 $   8.70 $  2.18 $   +66.85 WIN    $ 114,848.24
 271 2025-11-14 21:00     2025-11-16 22:00     GBPJPY   BUY     1.0  203.43700  203.34900 $  11.80 $  1.48 $   -56.55 LOSS   $ 114,791.68
 272 2025-11-14 21:00     2025-11-16 22:00     EURJPY   BUY     1.0  179.51401  179.39900 $   8.36 $  1.11 $   -73.58 LOSS   $ 114,718.10
 273 2025-11-16 22:00     2025-11-17 02:00     AUDNZD   BUY     1.0    1.14960    1.15120 $   8.70 $  2.18 $   +81.64 WIN    $ 114,799.75
 274 2025-11-17 04:00     2025-11-17 08:00     EURGBP   BUY     1.0    0.88155    0.88064 $   1.34 $  0.54 $  -123.69 LOSS   $ 114,676.06
 275 2025-11-17 08:00     2025-11-17 12:00     EURGBP   BUY     1.0    0.88064    0.88000 $   1.34 $  1.34 $   -88.44 LOSS   $ 114,587.62
 276 2025-11-17 21:00     2025-11-18 01:00     AUDNZD   BUY     1.0    1.14670    1.14720 $   8.70 $  2.18 $   +18.12 WIN    $ 114,605.75
 277 2025-11-17 21:00     2025-11-18 01:00     EURAUD   BUY     1.0    1.78450    1.78563 $  10.50 $  1.40 $   +67.20 WIN    $ 114,672.94
 278 2025-11-17 22:00     2025-11-18 02:00     EURGBP   BUY     1.0    0.87974    0.88140 $   2.68 $  2.68 $  +217.08 WIN    $ 114,890.02
 279 2025-11-17 22:00     2025-11-18 02:00     GBPJPY   BUY     1.0  204.07899  204.11600 $  11.76 $  1.84 $    +4.53 WIN    $ 114,894.56
 280 2025-11-17 22:00     2025-11-18 02:00     CADJPY   BUY     1.0  110.38300  110.45000 $  19.01 $  3.40 $   +38.25 WIN    $ 114,932.80
 281 2025-11-17 22:00     2025-11-18 02:00     USDJPY   BUY     0.5  155.17599  155.18401 $   1.93 $  0.26 $    +0.39 WIN    $ 114,933.19
 282 2025-11-17 22:00     2025-11-18 02:00     EURUSD   BUY     0.5    1.15856    1.15927 $   0.50 $  0.23 $   +34.78 WIN    $ 114,967.97
 283 2025-11-17 23:00     2025-11-18 03:00     AUDUSD   BUY     0.5    0.64900    0.64787 $   0.50 $  0.25 $   -57.25 LOSS   $ 114,910.72
 284 2025-11-18 12:00     2025-11-18 16:00     NZDUSD   BUY     1.0    0.56620    0.56592 $   1.00 $  0.75 $   -29.75 LOSS   $ 114,880.97
 285 2025-11-18 22:00     2025-11-19 02:00     EURUSD   BUY     1.0    1.15741    1.15786 $   1.00 $  0.45 $   +43.55 WIN    $ 114,924.52
 286 2025-11-19 04:00     2025-11-19 08:00     AUDNZD   BUY     1.0    1.15125    1.15077 $   2.90 $  0.87 $   -31.54 LOSS   $ 114,892.97
 287 2025-11-19 04:00     2025-11-19 08:00     CHFJPY   BUY     1.0  194.05421  194.50060 $   5.66 $  0.82 $  +223.02 WIN    $ 115,116.00
 288 2025-11-19 06:00     2025-11-19 10:00     EURGBP   BUY     1.0    0.88084    0.88282 $   1.34 $  0.54 $  +263.44 WIN    $ 115,379.44
 289 2025-11-19 12:00     2025-11-19 16:00     AUDNZD   BUY     1.0    1.15190    1.15428 $   2.90 $  0.58 $  +134.30 WIN    $ 115,513.75
 290 2025-11-19 12:00     2025-11-19 16:00     NZDUSD   BUY     1.0    0.56240    0.56016 $   1.00 $  0.75 $  -225.75 LOSS   $ 115,288.00
 291 2025-11-19 18:00     2025-11-19 22:00     CHFJPY   BUY     1.0  194.56300  194.94501 $   5.64 $  0.82 $  +189.49 WIN    $ 115,477.49
 292 2025-11-19 21:00     2025-11-20 01:00     AUDNZD   BUY     1.0    1.15520    1.15617 $   8.70 $  1.45 $   +46.11 WIN    $ 115,523.60
 293 2025-11-20 21:00     2025-11-21 01:00     AUDNZD   BUY     1.0    1.15250    1.15340 $   8.70 $  2.18 $   +41.32 WIN    $ 115,564.92
 294 2025-11-20 21:00     2025-11-21 01:00     USDCHF   BUY     1.0    0.80550    0.80540 $   2.54 $  1.27 $   -16.50 LOSS   $ 115,548.41
 295 2025-11-20 22:00     2025-11-21 02:00     NZDUSD   BUY     1.0    0.55856    0.55908 $   2.00 $  2.00 $   +48.00 WIN    $ 115,596.41
 296 2025-11-24 06:00     2025-11-24 10:00     EURGBP   BUY     1.0    0.87876    0.88140 $   1.34 $  1.01 $  +351.68 WIN    $ 115,948.09
 297 2025-11-24 17:00     2025-11-24 21:00     AUDNZD   BUY     1.0    1.15060    1.15110 $   2.90 $  0.58 $   +25.52 WIN    $ 115,973.62
 298 2025-11-24 21:00     2025-11-25 01:00     NZDUSD   BUY     1.0    0.56070    0.56110 $   2.00 $  1.00 $   +37.00 WIN    $ 116,010.62
 299 2025-11-24 22:00     2025-11-25 02:00     EURAUD   BUY     1.0    1.78174    1.78283 $  10.50 $  1.75 $   +64.05 WIN    $ 116,074.67
 300 2025-11-24 22:00     2025-11-25 02:00     GBPUSD   BUY     1.0    1.31038    1.31125 $   2.00 $  0.60 $   +84.40 WIN    $ 116,159.07
 301 2025-11-24 22:00     2025-11-25 02:00     GBPJPY   BUY     1.0  205.55400  205.43700 $  11.68 $  1.83 $   -70.46 LOSS   $ 116,088.61
 302 2025-11-24 23:00     2025-11-25 03:00     CADJPY   BUY     1.0  111.18000  111.05200 $   6.30 $  1.08 $  -122.64 LOSS   $ 115,965.97
 303 2025-11-24 23:00     2025-11-25 03:00     AUDUSD   BUY     0.5    0.64620    0.64533 $   0.50 $  0.25 $   -44.25 LOSS   $ 115,921.72
 304 2025-11-25 00:00     2025-11-25 04:00     USDCHF   BUY     0.5    0.80780    0.80921 $   0.64 $  0.32 $   +88.58 WIN    $ 116,010.30
 305 2025-11-25 04:00     2025-11-25 08:00     AUDNZD   BUY     1.0    1.15223    1.15273 $   2.90 $  0.87 $   +25.23 WIN    $ 116,035.53
 306 2025-11-25 15:00     2025-11-25 19:00     AUDNZD   BUY     1.0    1.14921    1.15085 $   2.90 $  0.58 $   +91.89 WIN    $ 116,127.42
 307 2025-11-26 21:00     2025-11-27 01:00     AUDNZD   BUY     1.0    1.14270    1.14158 $   8.70 $  1.45 $   -75.11 LOSS   $ 116,052.31
 308 2025-11-26 22:00     2025-11-27 02:00     EURGBP   BUY     1.0    0.87520    0.87563 $   2.68 $  2.01 $   +52.94 WIN    $ 116,105.25
 309 2025-11-26 22:00     2025-11-27 02:00     AUDUSD   BUY     1.0    0.65162    0.65270 $   2.00 $  1.00 $  +105.00 WIN    $ 116,210.25
 310 2025-11-26 22:00     2025-11-27 02:00     USDCHF   BUY     1.0    0.80400    0.80313 $   2.54 $  1.91 $  -114.94 LOSS   $ 116,095.31
 311 2025-11-26 22:00     2025-11-27 02:00     AUDJPY   BUY     1.0  101.90200  101.92300 $  20.60 $  3.68 $    -3.68 LOSS   $ 116,091.63
 312 2025-11-27 11:00     2025-11-27 15:00     AUDUSD   BUY     1.0    0.65240    0.65334 $   1.00 $  0.50 $   +92.50 WIN    $ 116,184.12
 313 2025-11-27 11:00     2025-11-27 15:00     CADJPY   BUY     1.0  111.25000  111.37900 $   6.28 $  1.35 $  +108.19 WIN    $ 116,292.31
 314 2025-11-27 16:00     2025-11-27 20:00     AUDNZD   BUY     1.0    1.13990    1.14115 $   2.90 $  0.87 $   +68.73 WIN    $ 116,361.04
 315 2025-11-27 20:00     2025-11-28 00:00     AUDUSD   BUY     1.0    0.65280    0.65359 $   1.00 $  0.50 $   +77.50 WIN    $ 116,438.54
 316 2025-11-27 21:00     2025-11-28 01:00     AUDNZD   BUY     1.0    1.14017    1.14155 $   8.70 $  2.18 $   +69.16 WIN    $ 116,507.71
 317 2025-11-27 22:00     2025-11-28 02:00     EURGBP   BUY     1.0    0.87572    0.87515 $   2.68 $  2.01 $   -81.07 LOSS   $ 116,426.64
 318 2025-11-27 22:00     2025-11-28 02:00     EURJPY   BUY     1.0  181.20000  181.03000 $   8.29 $  1.38 $  -103.57 LOSS   $ 116,323.06
 319 2025-11-27 22:00     2025-11-28 02:00     CADJPY   BUY     1.0  111.30200  111.32100 $  18.86 $  5.05 $    -6.85 LOSS   $ 116,316.21
 320 2025-11-28 02:00     2025-11-28 06:00     CADJPY   BUY     1.0  111.32100  111.33800 $   6.29 $  1.35 $    +7.63 WIN    $ 116,323.84
 321 2025-11-28 03:00     2025-11-28 07:00     USDJPY   BUY     1.0  156.04601  156.29201 $   1.92 $  0.32 $  +155.16 WIN    $ 116,479.00
 322 2025-11-28 05:00     2025-11-28 09:00     CHFJPY   BUY     1.0  194.15929  193.84123 $   5.67 $  2.06 $  -171.82 LOSS   $ 116,307.19
 323 2025-11-28 06:00     2025-11-28 10:00     EURAUD   BUY     1.0    1.77395    1.77199 $   3.50 $  0.70 $  -141.40 LOSS   $ 116,165.78
 324 2025-11-28 07:00     2025-11-28 11:00     AUDJPY   BUY     1.0  101.93700  101.87400 $   6.87 $  2.21 $   -70.92 LOSS   $ 116,094.87
 325 2025-11-28 21:00     2025-11-30 22:00     AUDJPY   SELL    1.0  102.29000  101.97400 $  20.59 $  5.52 $  +283.78 WIN    $ 116,378.64
 326 2025-11-30 22:00     2025-12-01 02:00     EURUSD   BUY     1.0    1.15971    1.15947 $   1.00 $  0.36 $   -25.37 LOSS   $ 116,353.27
 327 2025-11-30 22:00     2025-12-01 02:00     NZDUSD   BUY     1.0    0.57238    0.57306 $   2.00 $  1.00 $   +65.00 WIN    $ 116,418.27
 328 2025-12-01 22:00     2025-12-02 02:00     AUDJPY   BUY     1.0  101.65000  101.95400 $  20.60 $  5.52 $  +272.06 WIN    $ 116,690.33
 329 2025-12-01 22:00     2025-12-02 02:00     USDJPY   BUY     1.0  155.41901  155.65300 $   3.85 $  0.51 $  +145.96 WIN    $ 116,836.29
 330 2025-12-01 22:00     2025-12-02 02:00     AUDNZD   BUY     1.0    1.14201    1.14369 $   8.70 $  2.18 $   +86.57 WIN    $ 116,922.86
 331 2025-12-01 22:00     2025-12-02 02:00     AUDUSD   BUY     1.0    0.65379    0.65499 $   2.00 $  1.00 $  +117.00 WIN    $ 117,039.86
 332 2025-12-02 05:00     2025-12-02 09:00     AUDNZD   BUY     1.0    1.14300    1.14514 $   2.90 $  0.87 $  +120.35 WIN    $ 117,160.21
 333 2025-12-02 13:00     2025-12-02 17:00     AUDNZD   BUY     1.0    1.14410    1.14447 $   2.90 $  0.58 $   +17.98 WIN    $ 117,178.19
 334 2025-12-02 22:00     2025-12-03 02:00     USDCAD   BUY     1.0    1.39670    1.39666 $   2.92 $  0.73 $    -6.57 LOSS   $ 117,171.62
 335 2025-12-02 22:00     2025-12-03 02:00     NZDUSD   BUY     1.0    0.57348    0.57509 $   2.00 $  1.00 $  +158.00 WIN    $ 117,329.62
 336 2025-12-02 22:00     2025-12-03 02:00     AUDJPY   BUY     1.0  102.32300  102.38500 $  20.51 $  5.49 $   +34.55 WIN    $ 117,364.17
 337 2025-12-02 22:00     2025-12-03 02:00     GBPJPY   BUY     1.0  205.65199  205.99300 $  11.65 $  2.73 $  +151.16 WIN    $ 117,515.33
 338 2025-12-03 21:00     2025-12-04 01:00     USDCHF   BUY     1.0    0.79940    0.80006 $   2.54 $  1.27 $   +80.01 WIN    $ 117,595.34
 339 2025-12-03 22:00     2025-12-04 02:00     USDJPY   BUY     1.0  155.15199  155.40700 $   3.86 $  0.64 $  +159.58 WIN    $ 117,754.93
 340 2025-12-03 22:00     2025-12-04 02:00     GBPJPY   BUY     1.0  207.08701  207.25900 $  11.58 $  1.81 $   +69.60 WIN    $ 117,824.52
 341 2025-12-03 22:00     2025-12-04 02:00     CADJPY   BUY     1.0  111.08600  111.29300 $  18.87 $  5.05 $  +162.07 WIN    $ 117,986.60
 342 2025-12-04 21:00     2025-12-05 01:00     USDCHF   BUY     1.0    0.80340    0.80317 $   2.54 $  1.02 $   -32.76 LOSS   $ 117,953.84
 343 2025-12-04 22:00     2025-12-05 02:00     AUDNZD   BUY     1.0    1.14464    1.14729 $   8.70 $  2.90 $  +142.10 WIN    $ 118,095.94
 344 2025-12-04 22:00     2025-12-05 02:00     CADJPY   BUY     1.0  111.06500  111.13100 $  18.90 $  5.06 $   +35.43 WIN    $ 118,131.36
 345 2025-12-04 22:00     2025-12-05 02:00     AUDJPY   BUY     1.0  102.42200  102.57400 $  20.47 $  5.48 $  +122.23 WIN    $ 118,253.59
 346 2025-12-05 01:00     2025-12-05 05:00     NZDUSD   BUY     1.0    0.57640    0.57696 $   1.00 $  0.50 $   +54.50 WIN    $ 118,308.10
 347 2025-12-05 10:00     2025-12-05 14:00     AUDNZD   BUY     1.0    1.14760    1.14845 $   2.90 $  0.87 $   +45.53 WIN    $ 118,353.63
 348 2025-12-05 21:00     2025-12-07 22:00     AUDNZD   BUY     1.0    1.14849    1.14740 $   8.70 $  2.18 $   -74.09 LOSS   $ 118,279.53
 349 2025-12-05 21:00     2025-12-07 22:00     GBPJPY   BUY     1.0  206.93900  206.60300 $  11.62 $  1.45 $  -175.70 LOSS   $ 118,103.84
 350 2025-12-07 22:00     2025-12-08 02:00     AUDNZD   BUY     1.0    1.14672    1.14825 $   8.70 $  2.90 $   +77.14 WIN    $ 118,180.97
 351 2025-12-07 22:00     2025-12-08 02:00     AUDJPY   BUY     1.0  102.89800  103.04100 $  20.38 $  5.46 $  +112.94 WIN    $ 118,293.91
 352 2025-12-07 22:00     2025-12-08 02:00     CADJPY   BUY     1.0  112.18100  112.15500 $  18.72 $  3.34 $   -45.25 LOSS   $ 118,248.66
 353 2025-12-08 21:00     2025-12-09 01:00     AUDNZD   BUY     1.0    1.14610    1.14724 $   8.70 $  2.18 $   +55.24 WIN    $ 118,303.90
 354 2025-12-08 22:00     2025-12-09 02:00     GBPUSD   BUY     1.0    1.33175    1.33282 $   2.00 $  0.60 $  +104.40 WIN    $ 118,408.31
 355 2025-12-08 22:00     2025-12-09 02:00     USDCHF   BUY     1.0    0.80663    0.80619 $   2.54 $  1.91 $   -60.33 LOSS   $ 118,347.98
 356 2025-12-09 02:00     2025-12-09 06:00     AUDNZD   BUY     1.0    1.14550    1.14848 $   2.90 $  0.58 $  +169.37 WIN    $ 118,517.35
 357 2025-12-09 21:00     2025-12-10 01:00     AUDNZD   BUY     1.0    1.14800    1.14995 $   8.70 $  2.18 $  +102.23 WIN    $ 118,619.57
 358 2025-12-10 12:00     2025-12-10 16:00     AUDNZD   BUY     1.0    1.14810    1.14771 $   2.90 $  0.87 $   -26.39 LOSS   $ 118,593.18
 359 2025-12-10 18:00     2025-12-10 22:00     EURAUD   BUY     1.0    1.75296    1.75281 $   3.50 $  0.70 $   -14.70 LOSS   $ 118,578.48
 360 2025-12-10 18:00     2025-12-10 22:00     EURGBP   BUY     1.0    0.87380    0.87382 $   1.34 $  0.54 $    +0.81 WIN    $ 118,579.29
 361 2025-12-10 18:00     2025-12-10 22:00     NZDUSD   BUY     1.0    0.57732    0.58108 $   1.00 $  0.75 $  +374.25 WIN    $ 118,953.55
 362 2025-12-10 22:00     2025-12-11 02:00     GBPUSD   BUY     1.0    1.33773    1.33703 $   2.00 $  0.60 $   -72.60 LOSS   $ 118,880.95
 363 2025-12-10 22:00     2025-12-11 02:00     EURGBP   BUY     1.0    0.87382    0.87458 $   2.68 $  2.68 $   +96.48 WIN    $ 118,977.43
 364 2025-12-11 21:00     2025-12-12 01:00     NZDUSD   BUY     1.0    0.58050    0.58120 $   2.00 $  1.00 $   +67.00 WIN    $ 119,044.43
 365 2025-12-11 23:00     2025-12-12 03:00     AUDNZD   BUY     1.0    1.14580    1.14670 $   2.90 $  0.58 $   +48.72 WIN    $ 119,093.15
 366 2025-12-14 22:00     2025-12-15 02:00     EURAUD   BUY     1.0    1.76592    1.76650 $  10.50 $  3.50 $   +26.60 WIN    $ 119,119.75
 367 2025-12-14 22:00     2025-12-15 02:00     AUDJPY   BUY     1.0  103.44300  103.29600 $  20.33 $  7.26 $  -169.90 LOSS   $ 118,949.84
 368 2025-12-15 12:00     2025-12-15 16:00     NZDUSD   BUY     1.0    0.57900    0.57927 $   1.00 $  0.50 $   +25.50 WIN    $ 118,975.34
 369 2025-12-15 22:00     2025-12-16 02:00     USDCAD   BUY     1.0    1.37665    1.37714 $   2.92 $  0.73 $   +32.13 WIN    $ 119,007.47
 370 2025-12-15 22:00     2025-12-16 02:00     NZDUSD   BUY     1.0    0.57775    0.57676 $   2.00 $  1.50 $  -102.50 LOSS   $ 118,904.97
 371 2025-12-16 03:00     2025-12-16 07:00     AUDNZD   BUY     1.0    1.14839    1.14732 $   2.90 $  0.87 $   -65.83 LOSS   $ 118,839.13
 372 2025-12-16 21:00     2025-12-17 01:00     AUDNZD   BUY     1.0    1.14590    1.14589 $   8.70 $  2.18 $   -11.46 LOSS   $ 118,827.68
 373 2025-12-16 22:00     2025-12-17 02:00     EURAUD   BUY     1.0    1.77029    1.77196 $  10.50 $  1.75 $  +104.65 WIN    $ 118,932.33
 374 2025-12-17 22:00     2025-12-18 02:00     USDCHF   BUY     1.0    0.79520    0.79542 $   2.54 $  1.91 $   +23.50 WIN    $ 118,955.82
 375 2025-12-18 05:00     2025-12-18 09:00     AUDNZD   BUY     1.0    1.14480    1.14578 $   2.90 $  0.87 $   +53.07 WIN    $ 119,008.89
 376 2025-12-18 21:00     2025-12-19 01:00     NZDUSD   BUY     1.0    0.57720    0.57719 $   2.00 $  1.00 $    -4.00 LOSS   $ 119,004.89
 377 2025-12-18 22:00     2025-12-19 02:00     EURGBP   BUY     1.0    0.87564    0.87614 $   2.68 $  2.01 $   +62.31 WIN    $ 119,067.21
 378 2025-12-18 22:00     2025-12-19 02:00     USDCHF   BUY     1.0    0.79403    0.79460 $   2.54 $  2.54 $   +67.31 WIN    $ 119,134.52
 379 2025-12-19 17:00     2025-12-19 21:00     EURJPY   BUY     1.0  184.49899  184.67999 $   2.71 $  0.54 $   +94.76 WIN    $ 119,229.27
 380 2025-12-21 22:00     2025-12-22 02:00     USDCHF   BUY     1.0    0.79488    0.79502 $   2.54 $  1.91 $   +13.34 WIN    $ 119,242.61
 381 2025-12-21 22:00     2025-12-22 02:00     USDCAD   BUY     1.0    1.37851    1.37952 $   2.92 $  1.10 $   +69.72 WIN    $ 119,312.33
 382 2025-12-21 22:00     2025-12-22 02:00     USDJPY   BUY     1.0  157.38600  157.41901 $   3.81 $  0.64 $   +16.52 WIN    $ 119,328.85
 383 2025-12-21 22:00     2025-12-22 02:00     AUDNZD   BUY     1.0    1.14689    1.14775 $   8.70 $  2.90 $   +38.28 WIN    $ 119,367.13
 384 2025-12-21 22:00     2025-12-22 02:00     EURUSD   BUY     1.0    1.17098    1.17160 $   1.00 $  0.36 $   +60.64 WIN    $ 119,427.77
 385 2025-12-21 22:00     2025-12-22 02:00     GBPJPY   BUY     0.5  210.58501  210.80901 $   5.69 $  1.33 $   +46.10 WIN    $ 119,473.87
 386 2025-12-21 22:00     2025-12-22 02:00     EURGBP   BUY     0.5    0.87525    0.87475 $   1.34 $  1.34 $   -36.18 LOSS   $ 119,437.69
 387 2025-12-21 22:00     2025-12-22 02:00     EURJPY   BUY     0.5  184.33800  184.43300 $   4.07 $  0.68 $   +21.01 WIN    $ 119,458.70
 388 2025-12-22 22:00     2025-12-23 02:00     USDCHF   BUY     1.0    0.79169    0.78973 $   2.54 $  1.91 $  -253.36 LOSS   $ 119,205.34
 389 2025-12-22 22:00     2025-12-23 02:00     EURGBP   BUY     1.0    0.87309    0.87350 $   2.68 $  2.68 $   +49.57 WIN    $ 119,254.92
 390 2025-12-22 23:00     2025-12-23 03:00     AUDUSD   BUY     1.0    0.66540    0.66691 $   1.00 $  0.50 $  +149.50 WIN    $ 119,404.41
 391 2025-12-23 10:00     2025-12-23 14:00     AUDUSD   BUY     1.0    0.66920    0.66790 $   1.00 $  0.50 $  -131.50 LOSS   $ 119,272.92
 392 2025-12-23 21:00     2025-12-24 01:00     AUDNZD   BUY     1.0    1.14610    1.14737 $   8.70 $  2.18 $   +62.78 WIN    $ 119,335.70
 393 2025-12-23 22:00     2025-12-24 02:00     AUDUSD   BUY     1.0    0.66975    0.67080 $   2.00 $  1.00 $  +102.00 WIN    $ 119,437.70
 394 2025-12-24 00:00     2025-12-24 04:00     CHFJPY   BUY     1.0  198.12500  197.86186 $   5.56 $  1.52 $  -140.07 LOSS   $ 119,297.63
 395 2025-12-24 00:00     2025-12-24 04:00     EURJPY   BUY     1.0  183.98100  183.68201 $   2.72 $  0.82 $  -166.32 LOSS   $ 119,131.31
 396 2025-12-24 09:00     2025-12-24 13:00     AUDUSD   BUY     1.0    0.67090    0.67057 $   1.00 $  0.50 $   -34.50 LOSS   $ 119,096.82
 397 2025-12-24 12:00     2025-12-24 16:00     AUDNZD   BUY     1.0    1.14750    1.14929 $   2.90 $  0.87 $  +100.05 WIN    $ 119,196.86
 398 2025-12-24 15:00     2025-12-25 21:00     GBPJPY   BUY     1.0  210.36800  210.46001 $   3.80 $  0.71 $   +39.20 WIN    $ 119,236.07
 399 2025-12-24 16:00     2025-12-25 21:00     AUDJPY   BUY     1.0  104.44400  104.15000 $   6.72 $  2.16 $  -291.17 LOSS   $ 118,944.90
 400 2025-12-24 17:00     2025-12-25 21:00     USDCAD   BUY     1.0    1.36706    1.36730 $   1.46 $  0.29 $   +15.77 WIN    $ 118,960.67
 401 2025-12-25 21:00     2025-12-26 01:00     USDJPY   SELL    1.0  155.80901  156.28101 $   3.84 $  0.51 $  -306.37 LOSS   $ 118,654.30
 402 2025-12-25 21:00     2025-12-26 01:00     USDCHF   BUY     1.0    0.78580    0.78770 $   2.54 $  2.54 $  +236.22 WIN    $ 118,890.53
 403 2025-12-25 21:00     2025-12-26 01:00     AUDJPY   BUY     1.0  104.15000  104.84000 $  20.03 $  5.37 $  +632.74 WIN    $ 119,523.27
 404 2025-12-25 21:00     2025-12-26 01:00     EURUSD   BUY     1.0    1.17840    1.17870 $   1.00 $  0.45 $   +28.54 WIN    $ 119,551.81
 405 2025-12-25 22:00     2025-12-26 02:00     AUDUSD   BUY     1.0    0.67030    0.67168 $   2.00 $  1.50 $  +134.50 WIN    $ 119,686.31
 406 2025-12-25 22:00     2025-12-26 02:00     CADJPY   BUY     0.5  113.93500  114.26700 $   9.19 $  3.28 $  +132.80 WIN    $ 119,819.11
 407 2025-12-25 22:00     2025-12-26 02:00     EURJPY   BUY     0.5  183.63200  184.21400 $   4.07 $  0.68 $  +153.22 WIN    $ 119,972.33
 408 2025-12-25 22:00     2025-12-26 02:00     AUDNZD   BUY     0.5    1.14603    1.15028 $   4.35 $  1.45 $  +117.45 WIN    $ 120,089.78
 409 2025-12-26 04:00     2025-12-26 08:00     AUDUSD   BUY     1.0    0.67040    0.67038 $   1.00 $  0.40 $    -3.40 LOSS   $ 120,086.38
 410 2025-12-26 21:00     2025-12-28 22:00     EURAUD   BUY     1.0    1.75142    1.75370 $  10.50 $  1.75 $  +147.35 WIN    $ 120,233.73
 411 2025-12-26 21:00     2025-12-28 22:00     AUDJPY   SELL    1.0  105.16000  105.02100 $  20.00 $  5.36 $  +107.00 WIN    $ 120,340.73
 412 2025-12-26 21:00     2025-12-28 22:00     CADJPY   SELL    1.0  114.48000  114.44500 $  18.35 $  3.28 $    +8.96 WIN    $ 120,349.69
 413 2025-12-26 21:00     2025-12-28 22:00     AUDNZD   BUY     1.0    1.14960    1.15255 $   8.70 $  2.18 $  +160.22 WIN    $ 120,509.92
 414 2025-12-28 22:00     2025-12-29 02:00     NZDUSD   BUY     1.0    0.58243    0.58312 $   2.00 $  1.00 $   +66.00 WIN    $ 120,575.91
 415 2025-12-28 23:00     2025-12-29 03:00     CHFJPY   BUY     1.0  198.31473  198.12486 $   5.55 $  2.02 $  -103.40 LOSS   $ 120,472.51
 416 2025-12-29 16:00     2025-12-29 20:00     AUDNZD   BUY     1.0    1.15140    1.15210 $   2.90 $  0.87 $   +36.83 WIN    $ 120,509.34
 417 2025-12-29 20:00     2025-12-30 00:00     AUDNZD   BUY     1.0    1.15210    1.15317 $   2.90 $  0.58 $   +58.58 WIN    $ 120,567.92
 418 2025-12-29 22:00     2025-12-30 02:00     AUDJPY   BUY     1.0  104.40900  104.78600 $  20.04 $  5.37 $  +334.38 WIN    $ 120,902.30
 419 2025-12-30 21:00     2025-12-31 01:00     EURGBP   SELL    1.0    0.87270    0.87228 $   2.68 $  1.07 $   +52.52 WIN    $ 120,954.83
 420 2025-12-30 22:00     2025-12-31 02:00     NZDUSD   BUY     1.0    0.57860    0.57816 $   2.00 $  1.00 $   -47.00 LOSS   $ 120,907.83
 421 2025-12-30 22:00     2025-12-31 02:00     CADJPY   BUY     1.0  114.11800  114.24500 $  18.38 $  4.92 $   +87.87 WIN    $ 120,995.69
 422 2025-12-30 22:00     2025-12-31 02:00     GBPUSD   BUY     1.0    1.34640    1.34610 $   2.00 $  0.60 $   -32.60 LOSS   $ 120,963.09
 423 2026-01-01 21:00     2026-01-02 01:00     AUDJPY   BUY     1.0  104.52000  104.83000 $  20.03 $  7.15 $  +268.53 WIN    $ 121,231.62
 424 2026-01-01 21:00     2026-01-02 01:00     AUDUSD   BUY     1.0    0.66620    0.66927 $   2.00 $  1.50 $  +303.50 WIN    $ 121,535.12
 425 2026-01-01 22:00     2026-01-02 02:00     USDCAD   BUY     1.0    1.37133    1.37078 $   2.92 $  1.10 $   -44.17 LOSS   $ 121,490.95
 426 2026-01-01 22:00     2026-01-02 02:00     AUDNZD   BUY     1.0    1.15657    1.15990 $   8.70 $  2.90 $  +181.54 WIN    $ 121,672.49
 427 2026-01-04 22:00     2026-01-05 02:00     AUDJPY   BUY     1.0  104.74700  105.02300 $  20.00 $  7.14 $  +235.66 WIN    $ 121,908.16
 428 2026-01-04 22:00     2026-01-05 02:00     EURUSD   BUY     1.0    1.17099    1.16881 $   1.00 $  0.36 $  -219.36 LOSS   $ 121,688.80
 429 2026-01-04 22:00     2026-01-05 02:00     EURGBP   BUY     1.0    0.86988    0.87023 $   2.68 $  2.68 $   +41.54 WIN    $ 121,730.34
 430 2026-01-04 22:00     2026-01-05 02:00     NZDUSD   BUY     1.0    0.57515    0.57594 $   2.00 $  2.00 $   +75.00 WIN    $ 121,805.34
 431 2026-01-05 14:00     2026-01-05 18:00     AUDUSD   BUY     1.0    0.66824    0.67134 $   1.00 $  0.50 $  +308.50 WIN    $ 122,113.84
 432 2026-01-05 21:00     2026-01-06 01:00     AUDNZD   BUY     1.0    1.15900    1.15888 $   8.70 $  2.18 $   -17.84 LOSS   $ 122,096.00
 433 2026-01-06 22:00     2026-01-07 02:00     CADJPY   BUY     1.0  113.34800  113.38600 $  18.52 $  3.31 $   +11.69 WIN    $ 122,107.69
 434 2026-01-06 22:00     2026-01-07 02:00     NZDUSD   BUY     1.0    0.57840    0.57858 $   2.00 $  2.00 $   +14.00 WIN    $ 122,121.69
 435 2026-01-07 22:00     2026-01-08 02:00     USDJPY   BUY     1.0  156.68401  156.83299 $   3.83 $  0.64 $   +90.53 WIN    $ 122,212.22
 436 2026-01-08 18:00     2026-01-08 22:00     AUDNZD   BUY     1.0    1.16360    1.16501 $   2.90 $  0.58 $   +78.30 WIN    $ 122,290.52
 437 2026-01-08 21:00     2026-01-09 01:00     EURGBP   SELL    1.0    0.86750    0.86748 $   2.68 $  1.07 $    -1.07 LOSS   $ 122,289.45
 438 2026-01-08 21:00     2026-01-09 01:00     USDCHF   BUY     1.0    0.79850    0.79984 $   2.54 $  1.02 $  +166.62 WIN    $ 122,456.07
 439 2026-01-08 22:00     2026-01-09 02:00     CADJPY   BUY     1.0  113.06900  113.31700 $  18.53 $  4.96 $  +195.36 WIN    $ 122,651.43
 440 2026-01-09 14:00     2026-01-09 18:00     USDCAD   BUY     1.0    1.38714    1.39071 $   1.46 $  0.36 $  +258.78 WIN    $ 122,910.21
 441 2026-01-09 16:00     2026-01-09 20:00     AUDNZD   BUY     1.0    1.16530    1.16675 $   2.90 $  0.58 $   +80.62 WIN    $ 122,990.83
 442 2026-01-11 22:00     2026-01-12 02:00     EURAUD   BUY     1.0    1.73827    1.74064 $  10.50 $  2.62 $  +152.77 WIN    $ 123,143.61
 443 2026-01-11 22:00     2026-01-12 02:00     USDCAD   BUY     1.0    1.39123    1.38932 $   2.92 $  0.73 $  -143.08 LOSS   $ 123,000.53
 444 2026-01-11 22:00     2026-01-12 02:00     EURJPY   BUY     1.0  183.83943  184.19901 $   8.14 $  1.09 $  +185.98 WIN    $ 123,186.51
 445 2026-01-12 22:00     2026-01-13 02:00     USDJPY   BUY     1.0  158.02100  158.66499 $   3.78 $  0.63 $  +401.47 WIN    $ 123,587.98
 446 2026-01-12 22:00     2026-01-13 02:00     USDCHF   BUY     1.0    0.79637    0.79766 $   2.54 $  1.27 $  +160.02 WIN    $ 123,748.00
 447 2026-01-12 22:00     2026-01-13 02:00     EURJPY   BUY     1.0  184.38200  184.99200 $   8.11 $  1.35 $  +320.28 WIN    $ 124,068.28
 448 2026-01-12 22:00     2026-01-13 02:00     GBPUSD   BUY     1.0    1.34599    1.34725 $   2.00 $  0.60 $  +123.40 WIN    $ 124,191.69
 449 2026-01-12 22:00     2026-01-13 02:00     AUDNZD   BUY     1.0    1.16135    1.16185 $   8.70 $  2.18 $   +18.12 WIN    $ 124,209.81
 450 2026-01-12 22:00     2026-01-13 02:00     NZDUSD   BUY     0.5    0.57687    0.57752 $   1.00 $  0.50 $   +31.00 WIN    $ 124,240.81
 451 2026-01-13 15:00     2026-01-13 19:00     EURGBP   BUY     1.0    0.86650    0.86705 $   1.34 $  0.54 $   +71.82 WIN    $ 124,312.63
 452 2026-01-13 22:00     2026-01-14 02:00     USDJPY   BUY     1.0  159.08501  159.20399 $   3.77 $  0.63 $   +70.34 WIN    $ 124,382.97
 453 2026-01-13 22:00     2026-01-14 02:00     AUDNZD   BUY     1.0    1.16328    1.16515 $   8.70 $  2.90 $   +96.86 WIN    $ 124,479.83
 454 2026-01-13 22:00     2026-01-14 02:00     GBPJPY   BUY     1.0  213.57001  213.89600 $  11.22 $  1.75 $  +139.43 WIN    $ 124,619.26
 455 2026-01-13 22:00     2026-01-14 02:00     CADJPY   BUY     1.0  114.51700  114.61300 $  18.32 $  4.91 $   +60.53 WIN    $ 124,679.79
 456 2026-01-13 22:00     2026-01-14 02:00     EURAUD   BUY     1.0    1.74041    1.73959 $  10.50 $  1.75 $   -69.64 LOSS   $ 124,610.15
 457 2026-01-14 04:00     2026-01-14 08:00     USDCHF   BUY     1.0    0.80100    0.80180 $   1.27 $  0.51 $   +99.82 WIN    $ 124,709.97
 458 2026-01-14 04:00     2026-01-14 08:00     AUDNZD   BUY     1.0    1.16500    1.16469 $   2.90 $  0.87 $   -21.75 LOSS   $ 124,688.23
 459 2026-01-14 22:00     2026-01-15 02:00     NZDUSD   BUY     1.0    0.57435    0.57357 $   2.00 $  2.00 $   -82.00 LOSS   $ 124,606.23
 460 2026-01-14 22:00     2026-01-15 02:00     AUDUSD   BUY     1.0    0.66788    0.66765 $   2.00 $  1.50 $   -26.50 LOSS   $ 124,579.73
 461 2026-01-14 22:00     2026-01-15 02:00     USDCAD   BUY     1.0    1.38780    1.38921 $   2.92 $  0.73 $   +99.28 WIN    $ 124,679.01
 462 2026-01-15 00:00     2026-01-15 04:00     AUDNZD   BUY     1.0    1.16300    1.16410 $   2.90 $  0.58 $   +60.32 WIN    $ 124,739.33
 463 2026-01-15 21:00     2026-01-16 01:00     AUDNZD   BUY     1.0    1.16570    1.16527 $   8.70 $  2.18 $   -35.81 LOSS   $ 124,703.52
 464 2026-01-15 22:00     2026-01-16 02:00     GBPUSD   BUY     1.0    1.33718    1.33840 $   2.00 $  0.60 $  +119.40 WIN    $ 124,822.92
 465 2026-01-15 22:00     2026-01-16 02:00     EURGBP   BUY     1.0    0.86688    0.86736 $   2.68 $  2.68 $   +58.96 WIN    $ 124,881.88
 466 2026-01-16 02:00     2026-01-16 06:00     AUDNZD   BUY     1.0    1.16410    1.16401 $   2.90 $  0.87 $    -8.99 LOSS   $ 124,872.88
 467 2026-01-16 21:00     2026-01-18 22:00     EURJPY   BUY     1.0  183.26865  183.26199 $   8.19 $  1.09 $   -12.91 LOSS   $ 124,859.98
 468 2026-01-18 22:00     2026-01-19 02:00     USDJPY   BUY     1.0  157.81300  157.86301 $   3.80 $  0.51 $   +27.37 WIN    $ 124,887.35
 469 2026-01-18 22:00     2026-01-19 02:00     AUDNZD   BUY     1.0    1.16009    1.15901 $   8.70 $  2.90 $   -74.24 LOSS   $ 124,813.11
 470 2026-01-18 22:00     2026-01-19 02:00     CADJPY   BUY     1.0  113.39200  113.56200 $  18.49 $  3.30 $  +127.90 WIN    $ 124,941.01
 471 2026-01-18 22:00     2026-01-19 02:00     GBPJPY   BUY     1.0  210.67200  211.31700 $  11.36 $  1.77 $  +292.10 WIN    $ 125,233.11
 472 2026-01-18 22:00     2026-01-19 02:00     USDCAD   BUY     1.0    1.39101    1.38997 $   2.92 $  0.73 $   -79.58 LOSS   $ 125,153.53
 473 2026-01-19 04:00     2026-01-19 08:00     NZDUSD   BUY     1.0    0.57720    0.57741 $   1.00 $  0.50 $   +19.50 WIN    $ 125,173.03
 474 2026-01-19 21:00     2026-01-20 01:00     AUDNZD   BUY     1.0    1.15660    1.15593 $   8.70 $  2.18 $   -49.73 LOSS   $ 125,123.30
 475 2026-01-19 22:00     2026-01-20 02:00     EURUSD   BUY     1.0    1.16430    1.16443 $   1.00 $  0.36 $   +11.65 WIN    $ 125,134.95
 476 2026-01-19 22:00     2026-01-20 02:00     EURGBP   BUY     1.0    0.86684    0.86737 $   2.68 $  2.01 $   +66.33 WIN    $ 125,201.28
 477 2026-01-20 21:00     2026-01-21 01:00     AUDNZD   BUY     1.0    1.15400    1.15559 $   8.70 $  2.18 $   +81.35 WIN    $ 125,282.62
 478 2026-01-20 22:00     2026-01-21 02:00     EURGBP   BUY     1.0    0.87099    0.87219 $   2.68 $  2.68 $  +155.44 WIN    $ 125,438.07
 479 2026-01-20 22:00     2026-01-21 02:00     EURUSD   BUY     1.0    1.17194    1.17263 $   1.00 $  0.45 $   +67.55 WIN    $ 125,505.61
 480 2026-01-21 21:00     2026-01-22 01:00     NZDUSD   BUY     1.0    0.58400    0.58512 $   2.00 $  1.00 $  +109.00 WIN    $ 125,614.62
 481 2026-01-21 21:00     2026-01-22 01:00     GBPUSD   BUY     1.0    1.34263    1.34300 $   2.00 $  0.48 $   +34.52 WIN    $ 125,649.14
 482 2026-01-21 22:00     2026-01-22 02:00     AUDUSD   BUY     1.0    0.67572    0.67966 $   2.00 $  1.00 $  +391.00 WIN    $ 126,040.14
 483 2026-01-21 22:00     2026-01-22 02:00     AUDNZD   BUY     1.0    1.15581    1.16096 $   8.70 $  2.18 $  +287.82 WIN    $ 126,327.97
 484 2026-01-21 22:00     2026-01-22 02:00     EURAUD   BUY     1.0    1.72849    1.71924 $  10.50 $  1.75 $  -659.75 LOSS   $ 125,668.21
 485 2026-01-21 22:00     2026-01-22 02:00     CADJPY   BUY     0.5  114.37900  114.61200 $   9.16 $  2.45 $   +90.03 WIN    $ 125,758.25
 486 2026-01-22 08:00     2026-01-22 12:00     AUDNZD   BUY     1.0    1.15920    1.15795 $   2.90 $  0.58 $   -75.97 LOSS   $ 125,682.27
 487 2026-01-23 07:00     2026-01-23 11:00     AUDJPY   BUY     1.0  108.37400  108.33800 $   6.46 $  2.77 $   -42.46 LOSS   $ 125,639.81
 488 2026-01-23 18:00     2026-01-25 22:00     AUDNZD   BUY     1.0    1.15870    1.16112 $   2.90 $  0.58 $  +136.88 WIN    $ 125,776.69
 489 2026-01-23 21:00     2026-01-25 22:00     USDCAD   BUY     1.0    1.36893    1.36839 $   2.92 $  0.73 $   -43.07 LOSS   $ 125,733.62
 490 2026-01-23 21:00     2026-01-25 22:00     AUDJPY   BUY     1.0  107.33000  106.84900 $  19.65 $  3.51 $  -473.33 LOSS   $ 125,260.29
 491 2026-01-25 22:00     2026-01-26 02:00     USDCHF   BUY     1.0    0.77440    0.77676 $   2.54 $  1.91 $  +295.27 WIN    $ 125,555.56
 492 2026-01-25 22:00     2026-01-26 02:00     EURJPY   BUY     1.0  183.62199  182.75000 $   8.21 $  2.74 $  -488.10 LOSS   $ 125,067.47
 493 2026-01-25 22:00     2026-01-26 02:00     GBPJPY   BUY     1.0  211.26401  210.48500 $  11.40 $  2.67 $  -384.18 LOSS   $ 124,683.29
 494 2026-01-26 19:00     2026-01-26 23:00     EURJPY   BUY     1.0  182.97900  183.31100 $   2.73 $  0.44 $  +177.95 WIN    $ 124,861.24
 495 2026-01-26 19:00     2026-01-26 23:00     CADJPY   BUY     1.0  112.29900  112.56600 $   6.22 $  1.33 $  +229.64 WIN    $ 125,090.88
 496 2026-01-26 19:00     2026-01-26 23:00     GBPJPY   BUY     1.0  210.75600  211.11301 $   3.79 $  0.57 $  +164.75 WIN    $ 125,255.63
 497 2026-01-26 21:00     2026-01-27 01:00     AUDNZD   BUY     1.0    1.15690    1.15897 $   8.70 $  1.16 $  +110.20 WIN    $ 125,365.83
 498 2026-01-27 00:00     2026-01-27 04:00     NZDUSD   BUY     1.0    0.59560    0.59645 $   1.00 $  0.50 $   +83.50 WIN    $ 125,449.32
 499 2026-01-27 09:00     2026-01-27 13:00     GBPJPY   BUY     1.0  210.59000  210.48199 $   3.80 $  1.43 $   -56.54 LOSS   $ 125,392.79
 500 2026-01-27 09:00     2026-01-27 13:00     USDJPY   BUY     1.0  153.73199  153.24600 $   1.96 $  0.65 $  -319.74 LOSS   $ 125,073.04
 501 2026-01-27 09:00     2026-01-27 13:00     AUDJPY   BUY     1.0  106.48000  106.42400 $   6.58 $  2.82 $   -62.02 LOSS   $ 125,011.03
 502 2026-01-27 09:00     2026-01-27 13:00     CADJPY   BUY     1.0  112.15900  112.09400 $   6.24 $  2.68 $   -66.90 LOSS   $ 124,944.12
 503 2026-01-27 09:00     2026-01-27 13:00     EURJPY   BUY     1.0  182.64999  182.73000 $   2.74 $  1.09 $   +39.95 WIN    $ 124,984.08
 504 2026-01-27 22:00     2026-01-28 02:00     CADJPY   BUY     1.0  112.06300  112.33000 $  18.69 $  6.68 $  +212.32 WIN    $ 125,196.39
 505 2026-01-27 22:00     2026-01-28 02:00     EURGBP   BUY     1.0    0.86889    0.86912 $   2.68 $  2.68 $   +25.46 WIN    $ 125,221.86
 506 2026-01-29 11:00     2026-01-29 15:00     USDJPY   BUY     1.0  153.45500  152.80499 $   1.96 $  0.26 $  -427.61 LOSS   $ 124,794.25
 507 2026-01-29 11:00     2026-01-29 15:00     EURGBP   BUY     1.0    0.86607    0.86671 $   1.34 $  0.54 $   +83.89 WIN    $ 124,878.14
 508 2026-01-29 11:00     2026-01-29 15:00     USDCAD   BUY     1.0    1.35488    1.35544 $   1.46 $  0.29 $   +39.13 WIN    $ 124,917.27
 509 2026-01-29 11:00     2026-01-29 15:00     EURJPY   BUY     1.0  183.33800  182.23000 $   2.74 $  0.44 $  -611.21 LOSS   $ 124,306.06
 510 2026-01-29 11:00     2026-01-29 15:00     EURAUD   BUY     1.0    1.69732    1.70956 $   3.50 $  0.70 $  +852.60 WIN    $ 125,158.66
 511 2026-01-30 01:00     2026-01-30 05:00     AUDUSD   BUY     1.0    0.70055    0.69992 $   1.00 $  0.40 $   -64.40 LOSS   $ 125,094.26
 512 2026-02-01 22:00     2026-02-02 02:00     AUDUSD   BUY     1.0    0.69391    0.69250 $   2.00 $  1.00 $  -144.00 LOSS   $ 124,950.26
 513 2026-02-01 22:00     2026-02-02 02:00     EURJPY   BUY     1.0  184.01900  184.03300 $   8.15 $  2.04 $    -2.58 LOSS   $ 124,947.68
 514 2026-02-01 22:00     2026-02-02 02:00     NZDUSD   BUY     1.0    0.59998    0.60157 $   2.00 $  1.00 $  +156.00 WIN    $ 125,103.69
 515 2026-02-01 22:00     2026-02-02 02:00     GBPJPY   BUY     1.0  212.46300  211.75700 $  11.33 $  1.77 $  -346.50 LOSS   $ 124,757.18
 516 2026-02-01 22:00     2026-02-02 02:00     CADJPY   BUY     1.0  113.85100  113.69600 $  18.47 $  6.60 $  -161.39 LOSS   $ 124,595.79
 517 2026-02-01 22:00     2026-02-02 02:00     AUDJPY   BUY     0.5  107.60600  107.73100 $   9.75 $  3.48 $   +44.79 WIN    $ 124,640.58
 518 2026-02-01 22:00     2026-02-02 02:00     EURGBP   BUY     0.5    0.86511    0.86699 $   1.34 $  1.01 $  +123.61 WIN    $ 124,764.19
 519 2026-02-02 14:00     2026-02-02 18:00     EURAUD   BUY     1.0    1.69640    1.69741 $   3.50 $  1.05 $   +66.15 WIN    $ 124,830.34
 520 2026-02-02 14:00     2026-02-02 18:00     AUDNZD   BUY     1.0    1.15722    1.15756 $   2.90 $  0.87 $   +15.95 WIN    $ 124,846.29
 521 2026-02-02 21:00     2026-02-03 01:00     AUDNZD   BUY     1.0    1.15700    1.15879 $   8.70 $  1.45 $   +93.90 WIN    $ 124,940.19
 522 2026-02-02 22:00     2026-02-03 02:00     EURJPY   BUY     1.0  183.36000  183.52000 $   8.17 $  2.04 $   +76.97 WIN    $ 125,017.16
 523 2026-02-02 22:00     2026-02-03 02:00     USDCHF   BUY     1.0    0.77870    0.77881 $   2.54 $  1.91 $    +9.53 WIN    $ 125,026.68
 524 2026-02-02 22:00     2026-02-03 02:00     EURUSD   BUY     1.0    1.17867    1.18011 $   1.00 $  0.45 $  +142.54 WIN    $ 125,169.23
 525 2026-02-02 22:00     2026-02-03 02:00     USDJPY   BUY     1.0  155.51700  155.53700 $   3.86 $  0.51 $    +8.49 WIN    $ 125,177.72
 526 2026-02-03 21:00     2026-02-04 01:00     EURJPY   BUY     1.0  184.00000  184.63600 $   8.12 $  1.08 $  +335.26 WIN    $ 125,512.97
 527 2026-02-03 22:00     2026-02-04 02:00     GBPUSD   BUY     1.0    1.36881    1.37000 $   2.00 $  0.90 $  +116.09 WIN    $ 125,629.07
 528 2026-02-03 22:00     2026-02-04 02:00     EURGBP   BUY     1.0    0.86248    0.86287 $   2.68 $  2.68 $   +46.90 WIN    $ 125,675.97
 529 2026-02-03 22:00     2026-02-04 02:00     USDCHF   BUY     1.0    0.77525    0.77571 $   2.54 $  1.91 $   +53.97 WIN    $ 125,729.94
 530 2026-02-03 22:00     2026-02-04 02:00     AUDJPY   BUY     1.0  109.24300  109.65100 $  19.15 $  6.84 $  +346.10 WIN    $ 126,076.04
 531 2026-02-04 22:00     2026-02-05 02:00     EURGBP   BUY     1.0    0.86414    0.86519 $   2.68 $  2.01 $  +136.02 WIN    $ 126,212.06
 532 2026-02-04 22:00     2026-02-05 02:00     AUDNZD   BUY     1.0    1.16499    1.16429 $   8.70 $  2.90 $   -52.20 LOSS   $ 126,159.86
 533 2026-02-05 21:00     2026-02-06 01:00     AUDNZD   BUY     1.0    1.16310    1.16442 $   8.70 $  1.45 $   +66.41 WIN    $ 126,226.27
 534 2026-02-05 22:00     2026-02-06 02:00     EURGBP   BUY     1.0    0.86972    0.87010 $   2.68 $  2.01 $   +46.24 WIN    $ 126,272.50
 535 2026-02-06 21:00     2026-02-08 22:00     GBPJPY   BUY     1.0  213.95000  213.02600 $  11.27 $  1.41 $  -446.42 LOSS   $ 125,826.08
 536 2026-02-06 21:00     2026-02-08 22:00     EURAUD   SELL    1.0    1.68390    1.68476 $  10.50 $  1.40 $   -72.10 LOSS   $ 125,753.98
 537 2026-02-08 22:00     2026-02-09 02:00     AUDNZD   BUY     1.0    1.16432    1.16770 $   8.70 $  2.90 $  +184.35 WIN    $ 125,938.33
 538 2026-02-09 03:00     2026-02-09 07:00     NZDUSD   BUY     1.0    0.60131    0.60195 $   1.00 $  0.75 $   +62.25 WIN    $ 126,000.58
 539 2026-02-09 22:00     2026-02-10 02:00     EURGBP   BUY     1.0    0.86889    0.87000 $   2.68 $  2.68 $  +143.38 WIN    $ 126,143.96
 540 2026-02-09 22:00     2026-02-10 02:00     AUDUSD   BUY     1.0    0.70878    0.70859 $   2.00 $  1.50 $   -22.50 LOSS   $ 126,121.46
 541 2026-02-09 23:00     2026-02-10 03:00     NZDUSD   BUY     1.0    0.60490    0.60397 $   1.00 $  0.50 $   -94.50 LOSS   $ 126,026.96
 542 2026-02-10 22:00     2026-02-11 02:00     EURGBP   BUY     1.0    0.87131    0.87180 $   2.68 $  2.68 $   +60.30 WIN    $ 126,087.26
 543 2026-02-11 13:00     2026-02-11 17:00     EURJPY   BUY     1.0  182.46899  181.64301 $   2.75 $  1.10 $  -458.59 LOSS   $ 125,628.68
 544 2026-02-11 13:00     2026-02-11 17:00     CHFJPY   BUY     1.0  199.54900  198.43100 $   5.54 $  2.02 $  -570.98 LOSS   $ 125,057.70
 545 2026-02-11 22:00     2026-02-12 02:00     USDCHF   BUY     1.0    0.77078    0.77033 $   2.54 $  1.91 $   -61.60 LOSS   $ 124,996.10
 546 2026-02-12 03:00     2026-02-12 07:00     NZDUSD   BUY     1.0    0.60510    0.60575 $   1.00 $  0.50 $   +63.50 WIN    $ 125,059.61
 547 2026-02-12 22:00     2026-02-13 02:00     USDCHF   BUY     1.0    0.76860    0.76944 $   2.54 $  1.91 $  +102.24 WIN    $ 125,161.84
 548 2026-02-12 22:00     2026-02-13 02:00     AUDNZD   BUY     1.0    1.17358    1.17439 $   8.70 $  2.90 $   +35.37 WIN    $ 125,197.22
 549 2026-02-13 17:00     2026-02-13 21:00     AUDNZD   BUY     1.0    1.16960    1.17000 $   2.90 $  0.87 $   +19.43 WIN    $ 125,216.65
 550 2026-02-15 22:00     2026-02-16 02:00     AUDNZD   BUY     1.0    1.17030    1.17370 $   8.70 $  2.90 $  +185.55 WIN    $ 125,402.20
 551 2026-02-15 22:00     2026-02-16 02:00     EURJPY   BUY     1.0  181.22276  181.54601 $   8.26 $  1.10 $  +168.69 WIN    $ 125,570.88
 552 2026-02-16 03:00     2026-02-16 07:00     AUDNZD   BUY     1.0    1.17443    1.17368 $   2.90 $  0.87 $   -47.27 LOSS   $ 125,523.61
 553 2026-02-16 09:00     2026-02-16 13:00     AUDNZD   BUY     1.0    1.17170    1.17270 $   2.90 $  0.58 $   +54.52 WIN    $ 125,578.13
 554 2026-02-16 10:00     2026-02-16 14:00     USDCHF   BUY     1.0    0.76930    0.76930 $   1.27 $  0.95 $    -2.22 LOSS   $ 125,575.91
 555 2026-02-16 10:00     2026-02-16 14:00     NZDUSD   BUY     1.0    0.60380    0.60393 $   1.00 $  0.50 $   +11.50 WIN    $ 125,587.41
 556 2026-02-16 18:00     2026-02-16 22:00     AUDUSD   BUY     1.0    0.70700    0.70711 $   1.00 $  0.50 $    +9.50 WIN    $ 125,596.90
 557 2026-02-16 20:00     2026-02-17 00:00     GBPJPY   SELL    1.0  209.22000  208.62601 $   3.83 $  0.58 $  +280.31 WIN    $ 125,877.21
 558 2026-02-16 22:00     2026-02-17 02:00     USDCHF   BUY     1.0    0.76869    0.76959 $   2.54 $  1.27 $  +110.49 WIN    $ 125,987.71
 559 2026-02-16 22:00     2026-02-17 02:00     GBPUSD   BUY     1.0    1.36242    1.36134 $   2.00 $  0.60 $  -110.59 LOSS   $ 125,877.11
 560 2026-02-17 17:00     2026-02-17 21:00     AUDNZD   BUY     1.0    1.17060    1.17110 $   2.90 $  0.46 $   +25.70 WIN    $ 125,902.81
 561 2026-02-17 20:00     2026-02-18 00:00     CHFJPY   SELL    1.0  199.01129  198.91100 $   5.53 $  0.80 $   +44.09 WIN    $ 125,946.90
 562 2026-02-17 21:00     2026-02-18 01:00     AUDNZD   SELL    1.0    1.17110    1.17553 $   8.70 $  2.18 $  -267.75 LOSS   $ 125,679.15
 563 2026-02-17 22:00     2026-02-18 02:00     USDCHF   BUY     1.0    0.77020    0.77053 $   2.54 $  1.91 $   +37.46 WIN    $ 125,716.61
 564 2026-02-17 23:00     2026-02-18 03:00     EURJPY   BUY     1.0  181.46300  181.87700 $   2.75 $  0.44 $  +224.44 WIN    $ 125,941.05
 565 2026-02-17 23:00     2026-02-18 03:00     USDJPY   BUY     1.0  153.12000  153.59801 $   1.95 $  0.26 $  +309.00 WIN    $ 126,250.04
 566 2026-02-17 23:00     2026-02-18 03:00     GBPJPY   BUY     0.5  207.67700  208.14000 $   1.92 $  0.36 $  +108.94 WIN    $ 126,358.99
 567 2026-02-18 04:00     2026-02-18 08:00     AUDNZD   BUY     1.0    1.17740    1.17800 $   2.90 $  0.87 $   +31.03 WIN    $ 126,390.01
 568 2026-02-18 09:00     2026-02-18 13:00     AUDNZD   BUY     1.0    1.17650    1.17836 $   2.90 $  0.87 $  +104.11 WIN    $ 126,494.13
 569 2026-02-18 18:00     2026-02-18 22:00     USDCAD   BUY     1.0    1.36790    1.36887 $   1.46 $  0.29 $   +69.06 WIN    $ 126,563.18
 570 2026-02-18 20:00     2026-02-19 00:00     AUDNZD   SELL    1.0    1.18044    1.18135 $   2.90 $  0.87 $   -56.55 LOSS   $ 126,506.63
 571 2026-02-18 21:00     2026-02-19 01:00     NZDUSD   BUY     1.0    0.59610    0.59735 $   2.00 $  1.00 $  +122.00 WIN    $ 126,628.63
 572 2026-02-19 04:00     2026-02-19 08:00     AUDNZD   BUY     1.0    1.18111    1.18179 $   2.90 $  0.58 $   +35.96 WIN    $ 126,664.59
 573 2026-02-19 21:00     2026-02-20 01:00     AUDNZD   BUY     1.0    1.18070    1.18134 $   8.70 $  2.18 $   +26.25 WIN    $ 126,690.84
 574 2026-02-19 22:00     2026-02-20 02:00     EURGBP   BUY     1.0    0.87342    0.87448 $   2.68 $  2.68 $  +136.68 WIN    $ 126,827.52
 575 2026-02-19 22:00     2026-02-20 02:00     USDCAD   BUY     1.0    1.36779    1.36991 $   2.92 $  0.73 $  +151.11 WIN    $ 126,978.63
 576 2026-02-19 22:00     2026-02-20 02:00     USDCHF   BUY     1.0    0.77460    0.77602 $   2.54 $  1.91 $  +175.89 WIN    $ 127,154.52
 577 2026-02-22 22:00     2026-02-23 02:00     EURUSD   BUY     1.0    1.17910    1.18275 $   1.00 $  0.36 $  +363.64 WIN    $ 127,518.16
 578 2026-02-23 22:00     2026-02-24 02:00     NZDUSD   BUY     1.0    0.59497    0.59670 $   2.00 $  1.50 $  +169.50 WIN    $ 127,687.66
 579 2026-02-24 14:00     2026-02-24 18:00     EURGBP   BUY     1.0    0.87214    0.87189 $   1.34 $  0.67 $   -35.51 LOSS   $ 127,652.15
 580 2026-02-24 20:00     2026-02-25 00:00     AUDNZD   BUY     1.0    1.18308    1.18499 $   2.90 $  0.87 $  +107.02 WIN    $ 127,759.17
 581 2026-02-24 21:00     2026-02-25 01:00     EURAUD   BUY     1.0    1.66740    1.66385 $  10.50 $  1.40 $  -260.40 LOSS   $ 127,498.76
 582 2026-02-25 20:00     2026-02-26 01:00     AUDNZD   BUY     1.0    1.18690    1.18638 $   2.90 $  0.87 $   -33.93 LOSS   $ 127,464.83
 583 2026-02-25 22:00     2026-02-26 02:00     USDCAD   BUY     1.0    1.36750    1.36718 $   2.92 $  1.10 $   -27.37 LOSS   $ 127,437.46
 584 2026-02-25 22:00     2026-02-26 02:00     EURGBP   BUY     1.0    0.87052    0.87167 $   2.68 $  2.01 $  +149.41 WIN    $ 127,586.87
 585 2026-02-25 22:00     2026-02-26 02:00     EURUSD   BUY     1.0    1.18085    1.18167 $   1.00 $  0.45 $   +80.54 WIN    $ 127,667.42
 586 2026-02-26 04:00     2026-02-26 08:00     AUDNZD   BUY     1.0    1.18610    1.18788 $   2.90 $  0.87 $   +99.47 WIN    $ 127,766.89
 587 2026-02-26 10:00     2026-02-26 14:00     AUDNZD   BUY     1.0    1.18826    1.18745 $   2.90 $  0.87 $   -50.97 LOSS   $ 127,715.91
 588 2026-02-26 21:00     2026-02-27 01:00     AUDNZD   BUY     1.0    1.18720    1.18826 $   8.70 $  2.18 $   +50.61 WIN    $ 127,766.52
 589 2026-02-26 22:00     2026-02-27 02:00     CADJPY   BUY     1.0  113.99700  113.90800 $  18.44 $  4.94 $  -101.51 LOSS   $ 127,665.01
 590 2026-02-27 21:00     2026-03-01 22:00     EURJPY   BUY     1.0  184.32001  184.20500 $   8.14 $  1.09 $   -71.66 LOSS   $ 127,593.35
 591 2026-03-01 22:00     2026-03-02 02:00     CADJPY   BUY     1.0  114.24800  114.50700 $  18.34 $  4.91 $  +202.94 WIN    $ 127,796.28
 592 2026-03-01 22:00     2026-03-02 02:00     AUDNZD   BUY     1.0    1.18168    1.18696 $   8.70 $  2.90 $  +294.64 WIN    $ 128,090.93
 593 2026-03-02 10:00     2026-03-02 14:00     AUDNZD   BUY     1.0    1.18872    1.18968 $   2.90 $  0.58 $   +52.20 WIN    $ 128,143.12
 594 2026-03-03 22:00     2026-03-04 02:00     CADJPY   BUY     1.0  115.10200  115.14400 $  18.24 $  4.89 $   +13.35 WIN    $ 128,156.48
 595 2026-03-03 22:00     2026-03-04 02:00     AUDJPY   BUY     1.0  110.84800  110.47400 $  19.01 $  6.79 $  -364.34 LOSS   $ 127,792.14
 596 2026-03-03 22:00     2026-03-04 02:00     EURGBP   BUY     1.0    0.86935    0.87003 $   2.68 $  2.68 $   +85.76 WIN    $ 127,877.89
 597 2026-03-03 22:00     2026-03-04 02:00     NZDUSD   BUY     1.0    0.58805    0.58870 $   2.00 $  2.00 $   +61.00 WIN    $ 127,938.89
 598 2026-03-04 14:00     2026-03-04 18:00     AUDNZD   BUY     1.0    1.19062    1.19154 $   2.90 $  0.58 $   +49.88 WIN    $ 127,988.78
 599 2026-03-04 21:00     2026-03-05 01:00     AUDNZD   BUY     1.0    1.18990    1.19081 $   8.70 $  1.45 $   +42.63 WIN    $ 128,031.40
 600 2026-03-05 21:00     2026-03-06 01:00     GBPJPY   BUY     1.0  210.34000  210.46500 $  11.40 $  1.43 $   +46.56 WIN    $ 128,077.97
 601 2026-03-05 22:00     2026-03-06 02:00     NZDUSD   BUY     1.0    0.58919    0.59082 $   2.00 $  1.50 $  +159.50 WIN    $ 128,237.47
 602 2026-03-06 15:00     2026-03-06 19:00     AUDNZD   BUY     1.0    1.18990    1.19041 $   2.90 $  0.87 $   +25.81 WIN    $ 128,263.27
 603 2026-03-08 21:00     2026-03-09 01:00     EURUSD   BUY     1.0    1.15456    1.15080 $   1.00 $  0.45 $  -377.45 LOSS   $ 127,885.83
 604 2026-03-08 21:00     2026-03-09 01:00     EURJPY   BUY     1.0  182.55614  182.63800 $   8.21 $  2.05 $   +34.56 WIN    $ 127,920.38
 605 2026-03-08 22:00     2026-03-09 02:00     AUDNZD   BUY     1.0    1.19174    1.19038 $   8.70 $  2.18 $   -89.76 LOSS   $ 127,830.62
 606 2026-03-09 20:00     2026-03-10 00:00     CHFJPY   BUY     1.0  202.58630  202.76665 $   5.42 $  0.99 $   +82.53 WIN    $ 127,913.16
 607 2026-03-09 21:00     2026-03-10 01:00     AUDJPY   BUY     1.0  111.56700  111.45600 $  18.84 $  5.05 $  -123.48 LOSS   $ 127,789.68
 608 2026-03-10 03:00     2026-03-10 07:00     AUDNZD   BUY     1.0    1.19290    1.19756 $   2.90 $  0.87 $  +266.51 WIN    $ 128,056.19
 609 2026-03-10 20:00     2026-03-11 00:00     CHFJPY   BUY     1.0  202.47301  203.18163 $   5.41 $  1.48 $  +341.87 WIN    $ 128,398.06
 610 2026-03-10 21:00     2026-03-11 01:00     GBPUSD   BUY     1.0    1.34083    1.34450 $   2.00 $  0.60 $  +364.40 WIN    $ 128,762.45
 611 2026-03-10 21:00     2026-03-11 01:00     CADJPY   BUY     1.0  116.34200  116.61600 $  18.01 $  4.82 $  +212.12 WIN    $ 128,974.58
 612 2026-03-11 20:00     2026-03-12 00:00     CHFJPY   BUY     1.0  203.48404  203.47800 $   5.41 $  0.79 $    -9.16 LOSS   $ 128,965.42
 613 2026-03-11 21:00     2026-03-12 01:00     USDCAD   BUY     1.0    1.35823    1.35810 $   2.92 $  1.10 $   -13.50 LOSS   $ 128,951.92
 614 2026-03-11 21:00     2026-03-12 01:00     CADJPY   BUY     1.0  116.78400  116.96600 $  17.95 $  4.81 $  +132.84 WIN    $ 129,084.76
 615 2026-03-11 21:00     2026-03-12 01:00     USDCHF   BUY     1.0    0.77960    0.78112 $   2.54 $  1.27 $  +189.23 WIN    $ 129,273.99
 616 2026-03-12 01:00     2026-03-12 05:00     AUDNZD   BUY     1.0    1.21033    1.20748 $   2.90 $  0.87 $  -169.07 LOSS   $ 129,104.91
 617 2026-03-12 20:00     2026-03-13 00:00     CADJPY   BUY     1.0  116.72500  116.74200 $   6.00 $  1.28 $    +7.28 WIN    $ 129,112.19
 618 2026-03-12 21:00     2026-03-13 01:00     AUDJPY   BUY     1.0  112.61300  112.78400 $  18.62 $  4.99 $  +128.01 WIN    $ 129,240.20
 619 2026-03-13 13:00     2026-03-13 17:00     CHFJPY   BUY     1.0  202.02423  202.05273 $   5.44 $  0.99 $    +7.67 WIN    $ 129,247.87
 620 2026-03-13 19:00     2026-03-15 21:00     AUDNZD   BUY     1.0    1.20770    1.20856 $   2.90 $  0.58 $   +46.40 WIN    $ 129,294.27
 621 2026-03-13 20:00     2026-03-15 21:00     USDCAD   BUY     1.0    1.36906    1.37066 $   1.46 $  0.55 $  +114.79 WIN    $ 129,409.06
 622 2026-03-13 20:00     2026-03-15 21:00     NZDUSD   BUY     1.0    0.57635    0.58034 $   1.00 $  0.75 $  +397.26 WIN    $ 129,806.31
 623 2026-03-15 21:00     2026-03-16 01:00     NZDUSD   BUY     1.0    0.57839    0.58040 $   2.00 $  1.50 $  +197.50 WIN    $ 130,003.81
 624 2026-03-15 21:00     2026-03-16 01:00     USDCHF   BUY     1.0    0.79032    0.78944 $   2.54 $  1.91 $  -116.21 LOSS   $ 129,887.61
 625 2026-03-15 21:00     2026-03-16 01:00     AUDNZD   BUY     1.0    1.20690    1.20800 $   8.70 $  2.90 $   +52.20 WIN    $ 129,939.80
 626 2026-03-15 21:00     2026-03-16 01:00     AUDUSD   BUY     1.0    0.69900    0.70124 $   2.00 $  1.50 $  +220.50 WIN    $ 130,160.30
 627 2026-03-16 10:00     2026-03-16 14:00     AUDNZD   BUY     1.0    1.20620    1.20727 $   2.90 $  0.58 $   +58.58 WIN    $ 130,218.89
 628 2026-03-16 20:00     2026-03-17 00:00     AUDJPY   BUY     1.0  112.41600  112.50300 $   6.22 $  1.07 $   +70.04 WIN    $ 130,288.93
 629 2026-03-16 21:00     2026-03-17 01:00     EURJPY   BUY     1.0  183.02000  183.16499 $   8.19 $  2.05 $   +68.92 WIN    $ 130,357.85
 630 2026-03-16 21:00     2026-03-17 01:00     EURAUD   BUY     1.0    1.62620    1.62293 $  10.50 $  2.62 $  -242.02 LOSS   $ 130,115.83
 631 2026-03-17 21:00     2026-03-18 01:00     GBPUSD   BUY     1.0    1.33522    1.33530 $   2.00 $  0.60 $    +5.40 WIN    $ 130,121.23
 632 2026-03-17 21:00     2026-03-18 01:00     EURUSD   BUY     1.0    1.15326    1.15335 $   1.00 $  0.36 $    +7.64 WIN    $ 130,128.87
 633 2026-03-17 22:00     2026-03-18 02:00     EURJPY   BUY     1.0  183.42799  183.28700 $   8.18 $  1.09 $   -86.20 LOSS   $ 130,042.67
 634 2026-03-17 23:00     2026-03-18 03:00     AUDNZD   BUY     1.0    1.21335    1.21363 $   2.90 $  0.87 $   +12.60 WIN    $ 130,055.26
 635 2026-03-18 04:00     2026-03-18 08:00     AUDNZD   BUY     1.0    1.21250    1.21253 $   2.90 $  0.58 $    -1.74 LOSS   $ 130,053.53
 636 2026-03-18 20:00     2026-03-19 00:00     CHFJPY   BUY     1.0  201.03000  201.72087 $   5.45 $  1.49 $  +335.55 WIN    $ 130,389.08
 637 2026-03-18 20:00     2026-03-19 00:00     AUDNZD   BUY     1.0    1.21047    1.21092 $   2.90 $  0.87 $   +22.50 WIN    $ 130,411.58
 638 2026-03-18 21:00     2026-03-19 01:00     GBPJPY   BUY     1.0  211.85201  212.07800 $  11.32 $  2.65 $   +92.59 WIN    $ 130,504.17
 639 2026-03-18 21:00     2026-03-19 01:00     USDCHF   BUY     1.0    0.79230    0.79178 $   2.54 $  1.91 $   -70.48 LOSS   $ 130,433.69
 640 2026-03-18 21:00     2026-03-19 01:00     EURJPY   BUY     1.0  183.11000  183.23100 $   8.19 $  2.05 $   +55.81 WIN    $ 130,489.50
 641 2026-03-18 21:00     2026-03-19 01:00     EURUSD   BUY     0.5    1.14639    1.14750 $   0.50 $  0.34 $   +54.67 WIN    $ 130,544.16
 642 2026-03-18 21:00     2026-03-19 01:00     NZDUSD   BUY     0.5    0.57937    0.58134 $   1.00 $  1.00 $   +96.50 WIN    $ 130,640.66

Total runtime: 694s
